Archive member included to satisfy reference by file (symbol)

c:/st/stm32cubeide_1.7.0/stm32cubeide/plugins/com.st.stm32cube.ide.mcu.externaltools.gnu-tools-for-stm32.9-2020-q2-update.win32_2.0.0.202105311346/tools/bin/../lib/gcc/arm-none-eabi/9.3.1/../../../../arm-none-eabi/lib/thumb/v7e-m+dp/hard\libc_nano.a(lib_a-errno.o)
                              ./Core/Src/syscalls.o (__errno)
c:/st/stm32cubeide_1.7.0/stm32cubeide/plugins/com.st.stm32cube.ide.mcu.externaltools.gnu-tools-for-stm32.9-2020-q2-update.win32_2.0.0.202105311346/tools/bin/../lib/gcc/arm-none-eabi/9.3.1/../../../../arm-none-eabi/lib/thumb/v7e-m+dp/hard\libc_nano.a(lib_a-exit.o)
                              c:/st/stm32cubeide_1.7.0/stm32cubeide/plugins/com.st.stm32cube.ide.mcu.externaltools.gnu-tools-for-stm32.9-2020-q2-update.win32_2.0.0.202105311346/tools/bin/../lib/gcc/arm-none-eabi/9.3.1/../../../../arm-none-eabi/lib/thumb/v7e-m+dp/hard/crt0.o (exit)
c:/st/stm32cubeide_1.7.0/stm32cubeide/plugins/com.st.stm32cube.ide.mcu.externaltools.gnu-tools-for-stm32.9-2020-q2-update.win32_2.0.0.202105311346/tools/bin/../lib/gcc/arm-none-eabi/9.3.1/../../../../arm-none-eabi/lib/thumb/v7e-m+dp/hard\libc_nano.a(lib_a-impure.o)
                              c:/st/stm32cubeide_1.7.0/stm32cubeide/plugins/com.st.stm32cube.ide.mcu.externaltools.gnu-tools-for-stm32.9-2020-q2-update.win32_2.0.0.202105311346/tools/bin/../lib/gcc/arm-none-eabi/9.3.1/../../../../arm-none-eabi/lib/thumb/v7e-m+dp/hard\libc_nano.a(lib_a-exit.o) (_global_impure_ptr)
c:/st/stm32cubeide_1.7.0/stm32cubeide/plugins/com.st.stm32cube.ide.mcu.externaltools.gnu-tools-for-stm32.9-2020-q2-update.win32_2.0.0.202105311346/tools/bin/../lib/gcc/arm-none-eabi/9.3.1/../../../../arm-none-eabi/lib/thumb/v7e-m+dp/hard\libc_nano.a(lib_a-init.o)
                              c:/st/stm32cubeide_1.7.0/stm32cubeide/plugins/com.st.stm32cube.ide.mcu.externaltools.gnu-tools-for-stm32.9-2020-q2-update.win32_2.0.0.202105311346/tools/bin/../lib/gcc/arm-none-eabi/9.3.1/../../../../arm-none-eabi/lib/thumb/v7e-m+dp/hard/crt0.o (__libc_init_array)
c:/st/stm32cubeide_1.7.0/stm32cubeide/plugins/com.st.stm32cube.ide.mcu.externaltools.gnu-tools-for-stm32.9-2020-q2-update.win32_2.0.0.202105311346/tools/bin/../lib/gcc/arm-none-eabi/9.3.1/../../../../arm-none-eabi/lib/thumb/v7e-m+dp/hard\libc_nano.a(lib_a-memcpy-stub.o)
                              ./Middlewares/Third_Party/FreeRTOS/Source/queue.o (memcpy)
c:/st/stm32cubeide_1.7.0/stm32cubeide/plugins/com.st.stm32cube.ide.mcu.externaltools.gnu-tools-for-stm32.9-2020-q2-update.win32_2.0.0.202105311346/tools/bin/../lib/gcc/arm-none-eabi/9.3.1/../../../../arm-none-eabi/lib/thumb/v7e-m+dp/hard\libc_nano.a(lib_a-memset.o)
                              c:/st/stm32cubeide_1.7.0/stm32cubeide/plugins/com.st.stm32cube.ide.mcu.externaltools.gnu-tools-for-stm32.9-2020-q2-update.win32_2.0.0.202105311346/tools/bin/../lib/gcc/arm-none-eabi/9.3.1/../../../../arm-none-eabi/lib/thumb/v7e-m+dp/hard/crt0.o (memset)

Allocating common symbols
Common symbol       size              file

defaultTaskHandle   0x4               ./Core/Src/freertos.o
TimOutClock         0x4               ./Core/Src/main.o
xQueueRegistry      0x40              ./Middlewares/Third_Party/FreeRTOS/Source/queue.o

Discarded input sections

 .text          0x0000000000000000        0x0 c:/st/stm32cubeide_1.7.0/stm32cubeide/plugins/com.st.stm32cube.ide.mcu.externaltools.gnu-tools-for-stm32.9-2020-q2-update.win32_2.0.0.202105311346/tools/bin/../lib/gcc/arm-none-eabi/9.3.1/thumb/v7e-m+dp/hard/crti.o
 .data          0x0000000000000000        0x0 c:/st/stm32cubeide_1.7.0/stm32cubeide/plugins/com.st.stm32cube.ide.mcu.externaltools.gnu-tools-for-stm32.9-2020-q2-update.win32_2.0.0.202105311346/tools/bin/../lib/gcc/arm-none-eabi/9.3.1/thumb/v7e-m+dp/hard/crti.o
 .bss           0x0000000000000000        0x0 c:/st/stm32cubeide_1.7.0/stm32cubeide/plugins/com.st.stm32cube.ide.mcu.externaltools.gnu-tools-for-stm32.9-2020-q2-update.win32_2.0.0.202105311346/tools/bin/../lib/gcc/arm-none-eabi/9.3.1/thumb/v7e-m+dp/hard/crti.o
 .data          0x0000000000000000        0x4 c:/st/stm32cubeide_1.7.0/stm32cubeide/plugins/com.st.stm32cube.ide.mcu.externaltools.gnu-tools-for-stm32.9-2020-q2-update.win32_2.0.0.202105311346/tools/bin/../lib/gcc/arm-none-eabi/9.3.1/thumb/v7e-m+dp/hard/crtbegin.o
 .text          0x0000000000000000       0x7c c:/st/stm32cubeide_1.7.0/stm32cubeide/plugins/com.st.stm32cube.ide.mcu.externaltools.gnu-tools-for-stm32.9-2020-q2-update.win32_2.0.0.202105311346/tools/bin/../lib/gcc/arm-none-eabi/9.3.1/../../../../arm-none-eabi/lib/thumb/v7e-m+dp/hard/crt0.o
 .data          0x0000000000000000        0x0 c:/st/stm32cubeide_1.7.0/stm32cubeide/plugins/com.st.stm32cube.ide.mcu.externaltools.gnu-tools-for-stm32.9-2020-q2-update.win32_2.0.0.202105311346/tools/bin/../lib/gcc/arm-none-eabi/9.3.1/../../../../arm-none-eabi/lib/thumb/v7e-m+dp/hard/crt0.o
[...]
Memory Configuration

Name             Origin             Length             Attributes
RAM              0x0000000020000000 0x0000000000080000 xrw
FLASH            0x0000000008000000 0x0000000000200000 xr
*default*        0x0000000000000000 0xffffffffffffffff

Linker script and memory map

LOAD c:/st/stm32cubeide_1.7.0/stm32cubeide/plugins/com.st.stm32cube.ide.mcu.externaltools.gnu-tools-for-stm32.9-2020-q2-update.win32_2.0.0.202105311346/tools/bin/../lib/gcc/arm-none-eabi/9.3.1/thumb/v7e-m+dp/hard/crti.o
LOAD c:/st/stm32cubeide_1.7.0/stm32cubeide/plugins/com.st.stm32cube.ide.mcu.externaltools.gnu-tools-for-stm32.9-2020-q2-update.win32_2.0.0.202105311346/tools/bin/../lib/gcc/arm-none-eabi/9.3.1/thumb/v7e-m+dp/hard/crtbegin.o
LOAD c:/st/stm32cubeide_1.7.0/stm32cubeide/plugins/com.st.stm32cube.ide.mcu.externaltools.gnu-tools-for-stm32.9-2020-q2-update.win32_2.0.0.202105311346/tools/bin/../lib/gcc/arm-none-eabi/9.3.1/../../../../arm-none-eabi/lib/thumb/v7e-m+dp/hard/crt0.o
LOAD ./Core/Src/freertos.o
LOAD ./Core/Src/gpio.o
LOAD ./Core/Src/i2c.o
LOAD ./Core/Src/main.o
LOAD ./Core/Src/stm32f7xx_it.o
LOAD ./Core/Src/syscalls.o
LOAD ./Core/Src/sysmem.o
LOAD ./Core/Src/system_stm32f7xx.o
LOAD ./Core/Src/tim.o
LOAD ./Core/Src/usart.o
LOAD ./Core/Startup/startup_stm32f767zitx.o
LOAD ./Drivers/STM32F7xx_HAL_Driver/Src/stm32f7xx_ll_dma.o
LOAD ./Drivers/STM32F7xx_HAL_Driver/Src/stm32f7xx_ll_exti.o
LOAD ./Drivers/STM32F7xx_HAL_Driver/Src/stm32f7xx_ll_gpio.o
LOAD ./Drivers/STM32F7xx_HAL_Driver/Src/stm32f7xx_ll_i2c.o
LOAD ./Drivers/STM32F7xx_HAL_Driver/Src/stm32f7xx_ll_rcc.o
LOAD ./Drivers/STM32F7xx_HAL_Driver/Src/stm32f7xx_ll_tim.o
LOAD ./Drivers/STM32F7xx_HAL_Driver/Src/stm32f7xx_ll_usart.o
LOAD ./Drivers/STM32F7xx_HAL_Driver/Src/stm32f7xx_ll_utils.o
LOAD ./Middlewares/Third_Party/FreeRTOS/Source/CMSIS_RTOS/cmsis_os.o
LOAD ./Middlewares/Third_Party/FreeRTOS/Source/croutine.o
LOAD ./Middlewares/Third_Party/FreeRTOS/Source/event_groups.o
LOAD ./Middlewares/Third_Party/FreeRTOS/Source/list.o
LOAD ./Middlewares/Third_Party/FreeRTOS/Source/queue.o
LOAD ./Middlewares/Third_Party/FreeRTOS/Source/stream_buffer.o
LOAD ./Middlewares/Third_Party/FreeRTOS/Source/tasks.o
LOAD ./Middlewares/Third_Party/FreeRTOS/Source/timers.o
LOAD ./Middlewares/Third_Party/FreeRTOS/Source/portable/GCC/ARM_CM7/r0p1/port.o
LOAD ./Middlewares/Third_Party/FreeRTOS/Source/portable/MemMang/heap_4.o
START GROUP
LOAD c:/st/stm32cubeide_1.7.0/stm32cubeide/plugins/com.st.stm32cube.ide.mcu.externaltools.gnu-tools-for-stm32.9-2020-q2-update.win32_2.0.0.202105311346/tools/bin/../lib/gcc/arm-none-eabi/9.3.1/../../../../arm-none-eabi/lib/thumb/v7e-m+dp/hard\libc_nano.a
LOAD c:/st/stm32cubeide_1.7.0/stm32cubeide/plugins/com.st.stm32cube.ide.mcu.externaltools.gnu-tools-for-stm32.9-2020-q2-update.win32_2.0.0.202105311346/tools/bin/../lib/gcc/arm-none-eabi/9.3.1/../../../../arm-none-eabi/lib/thumb/v7e-m+dp/hard\libm.a
END GROUP
START GROUP
LOAD c:/st/stm32cubeide_1.7.0/stm32cubeide/plugins/com.st.stm32cube.ide.mcu.externaltools.gnu-tools-for-stm32.9-2020-q2-update.win32_2.0.0.202105311346/tools/bin/../lib/gcc/arm-none-eabi/9.3.1/thumb/v7e-m+dp/hard\libgcc.a
LOAD c:/st/stm32cubeide_1.7.0/stm32cubeide/plugins/com.st.stm32cube.ide.mcu.externaltools.gnu-tools-for-stm32.9-2020-q2-update.win32_2.0.0.202105311346/tools/bin/../lib/gcc/arm-none-eabi/9.3.1/../../../../arm-none-eabi/lib/thumb/v7e-m+dp/hard\libc_nano.a
END GROUP
START GROUP
LOAD c:/st/stm32cubeide_1.7.0/stm32cubeide/plugins/com.st.stm32cube.ide.mcu.externaltools.gnu-tools-for-stm32.9-2020-q2-update.win32_2.0.0.202105311346/tools/bin/../lib/gcc/arm-none-eabi/9.3.1/thumb/v7e-m+dp/hard\libgcc.a
LOAD c:/st/stm32cubeide_1.7.0/stm32cubeide/plugins/com.st.stm32cube.ide.mcu.externaltools.gnu-tools-for-stm32.9-2020-q2-update.win32_2.0.0.202105311346/tools/bin/../lib/gcc/arm-none-eabi/9.3.1/../../../../arm-none-eabi/lib/thumb/v7e-m+dp/hard\libc_nano.a
LOAD c:/st/stm32cubeide_1.7.0/stm32cubeide/plugins/com.st.stm32cube.ide.mcu.externaltools.gnu-tools-for-stm32.9-2020-q2-update.win32_2.0.0.202105311346/tools/bin/../lib/gcc/arm-none-eabi/9.3.1/../../../../arm-none-eabi/lib/thumb/v7e-m+dp/hard\libnosys.a
END GROUP
START GROUP
LOAD c:/st/stm32cubeide_1.7.0/stm32cubeide/plugins/com.st.stm32cube.ide.mcu.externaltools.gnu-tools-for-stm32.9-2020-q2-update.win32_2.0.0.202105311346/tools/bin/../lib/gcc/arm-none-eabi/9.3.1/thumb/v7e-m+dp/hard\libgcc.a
LOAD c:/st/stm32cubeide_1.7.0/stm32cubeide/plugins/com.st.stm32cube.ide.mcu.externaltools.gnu-tools-for-stm32.9-2020-q2-update.win32_2.0.0.202105311346/tools/bin/../lib/gcc/arm-none-eabi/9.3.1/../../../../arm-none-eabi/lib/thumb/v7e-m+dp/hard\libc_nano.a
LOAD c:/st/stm32cubeide_1.7.0/stm32cubeide/plugins/com.st.stm32cube.ide.mcu.externaltools.gnu-tools-for-stm32.9-2020-q2-update.win32_2.0.0.202105311346/tools/bin/../lib/gcc/arm-none-eabi/9.3.1/../../../../arm-none-eabi/lib/thumb/v7e-m+dp/hard\libnosys.a
END GROUP
LOAD c:/st/stm32cubeide_1.7.0/stm32cubeide/plugins/com.st.stm32cube.ide.mcu.externaltools.gnu-tools-for-stm32.9-2020-q2-update.win32_2.0.0.202105311346/tools/bin/../lib/gcc/arm-none-eabi/9.3.1/thumb/v7e-m+dp/hard/crtend.o
LOAD c:/st/stm32cubeide_1.7.0/stm32cubeide/plugins/com.st.stm32cube.ide.mcu.externaltools.gnu-tools-for-stm32.9-2020-q2-update.win32_2.0.0.202105311346/tools/bin/../lib/gcc/arm-none-eabi/9.3.1/thumb/v7e-m+dp/hard/crtn.o
                0x0000000020080000                _estack = (ORIGIN (RAM) + LENGTH (RAM))
                0x0000000000000200                _Min_Heap_Size = 0x200
                0x0000000000000400                _Min_Stack_Size = 0x400

.isr_vector     0x0000000008000000      0x1f8
                0x0000000008000000                . = ALIGN (0x4)
 *(.isr_vector)
 .isr_vector    0x0000000008000000      0x1f8 ./Core/Startup/startup_stm32f767zitx.o
                0x0000000008000000                g_pfnVectors
                0x00000000080001f8                . = ALIGN (0x4)

.text           0x0000000008000200     0x4e80
                0x0000000008000200                . = ALIGN (0x4)
 *(.text)
 .text          0x0000000008000200       0x40 c:/st/stm32cubeide_1.7.0/stm32cubeide/plugins/com.st.stm32cube.ide.mcu.externaltools.gnu-tools-for-stm32.9-2020-q2-update.win32_2.0.0.202105311346/tools/bin/../lib/gcc/arm-none-eabi/9.3.1/thumb/v7e-m+dp/hard/crtbegin.o
 *(.text*)
 .text.vApplicationGetIdleTaskMemory
                0x0000000008000240       0x34 ./Core/Src/freertos.o
                0x0000000008000240                vApplicationGetIdleTaskMemory
 .text.LL_AHB1_GRP1_EnableClock
                0x0000000008000274       0x30 ./Core/Src/gpio.o
 .text.LL_GPIO_ResetOutputPin
                0x00000000080002a4       0x1e ./Core/Src/gpio.o
 *fill*         0x00000000080002c2        0x2 
 .text.MX_GPIO_Init
                0x00000000080002c4       0xdc ./Core/Src/gpio.o
                0x00000000080002c4                MX_GPIO_Init
 .text.LL_I2C_EnableClockStretching
                0x00000000080003a0       0x20 ./Core/Src/i2c.o
 .text.LL_I2C_DisableGeneralCall
                0x00000000080003c0       0x20 ./Core/Src/i2c.o
 .text.LL_I2C_SetOwnAddress2
                0x00000000080003e0       0x30 ./Core/Src/i2c.o
 .text.LL_I2C_DisableOwnAddress2
                0x0000000008000410       0x20 ./Core/Src/i2c.o
 .text.LL_I2C_EnableAutoEndMode
                0x0000000008000430       0x20 ./Core/Src/i2c.o
 .text.LL_AHB1_GRP1_EnableClock
                0x0000000008000450       0x30 ./Core/Src/i2c.o
 .text.LL_APB1_GRP1_EnableClock
                0x0000000008000480       0x30 ./Core/Src/i2c.o
 .text.MX_I2C1_Init
                0x00000000080004b0       0xe0 ./Core/Src/i2c.o
                0x00000000080004b0                MX_I2C1_Init
 .text.__NVIC_SetPriorityGrouping
                0x0000000008000590       0x48 ./Core/Src/main.o
 .text.__NVIC_GetPriorityGrouping
                0x00000000080005d8       0x1c ./Core/Src/main.o
 .text.__NVIC_DisableIRQ
                0x00000000080005f4       0x48 ./Core/Src/main.o
 .text.__NVIC_SetPriority
                0x000000000800063c       0x54 ./Core/Src/main.o
 .text.NVIC_EncodePriority
                0x0000000008000690       0x66 ./Core/Src/main.o
 *fill*         0x00000000080006f6        0x2 
 .text.LL_RCC_HSI_Enable
                0x00000000080006f8       0x20 ./Core/Src/main.o
 .text.LL_RCC_HSI_IsReady
                0x0000000008000718       0x24 ./Core/Src/main.o
 .text.LL_RCC_HSI_SetCalibTrimming
                0x000000000800073c       0x2c ./Core/Src/main.o
 .text.LL_RCC_SetSysClkSource
                0x0000000008000768       0x28 ./Core/Src/main.o
 .text.LL_RCC_GetSysClkSource
                0x0000000008000790       0x1c ./Core/Src/main.o
 .text.LL_RCC_SetAHBPrescaler
                0x00000000080007ac       0x28 ./Core/Src/main.o
 .text.LL_RCC_SetAPB1Prescaler
                0x00000000080007d4       0x28 ./Core/Src/main.o
 .text.LL_RCC_SetAPB2Prescaler
                0x00000000080007fc       0x28 ./Core/Src/main.o
 .text.LL_RCC_SetUSARTClockSource
                0x0000000008000824       0x34 ./Core/Src/main.o
 .text.LL_RCC_SetI2CClockSource
                0x0000000008000858       0x38 ./Core/Src/main.o
 .text.LL_AHB1_GRP1_EnableClock
                0x0000000008000890       0x30 ./Core/Src/main.o
 .text.LL_APB1_GRP1_EnableClock
                0x00000000080008c0       0x30 ./Core/Src/main.o
 .text.LL_APB2_GRP1_EnableClock
                0x00000000080008f0       0x30 ./Core/Src/main.o
 .text.LL_FLASH_SetLatency
                0x0000000008000920       0x28 ./Core/Src/main.o
 .text.LL_FLASH_GetLatency
                0x0000000008000948       0x1c ./Core/Src/main.o
 .text.LL_PWR_DisableOverDriveMode
                0x0000000008000964       0x20 ./Core/Src/main.o
 .text.LL_PWR_SetRegulVoltageScaling
                0x0000000008000984       0x28 ./Core/Src/main.o
 .text.LL_TIM_EnableCounter
                0x00000000080009ac       0x20 ./Core/Src/main.o
 .text.LL_TIM_SetCounterMode
                0x00000000080009cc       0x26 ./Core/Src/main.o
 .text.LL_TIM_EnableARRPreload
                0x00000000080009f2       0x20 ./Core/Src/main.o
 .text.LL_TIM_SetPrescaler
                0x0000000008000a12       0x1c ./Core/Src/main.o
 .text.LL_TIM_GetPrescaler
                0x0000000008000a2e       0x18 ./Core/Src/main.o
 .text.LL_TIM_SetAutoReload
                0x0000000008000a46       0x1c ./Core/Src/main.o
 .text.LL_TIM_GetAutoReload
                0x0000000008000a62       0x18 ./Core/Src/main.o
 .text.LL_TIM_CC_EnableChannel
                0x0000000008000a7a       0x22 ./Core/Src/main.o
 .text.LL_TIM_OC_SetMode
                0x0000000008000a9c       0xb8 ./Core/Src/main.o
 .text.LL_TIM_OC_SetPolarity
                0x0000000008000b54       0xa0 ./Core/Src/main.o
 .text.LL_TIM_OC_EnablePreload
                0x0000000008000bf4       0xa0 ./Core/Src/main.o
 .text.LL_TIM_OC_SetCompareCH1
                0x0000000008000c94       0x1c ./Core/Src/main.o
 .text.LL_TIM_OC_SetCompareCH2
                0x0000000008000cb0       0x1c ./Core/Src/main.o
 .text.LL_TIM_OC_SetCompareCH3
                0x0000000008000ccc       0x1c ./Core/Src/main.o
 .text.LL_TIM_OC_SetCompareCH4
                0x0000000008000ce8       0x1c ./Core/Src/main.o
 .text.LL_TIM_EnableIT_CC1
                0x0000000008000d04       0x20 ./Core/Src/main.o
 .text.LL_TIM_EnableIT_CC2
                0x0000000008000d24       0x20 ./Core/Src/main.o
 .text.LL_TIM_EnableIT_CC3
                0x0000000008000d44       0x20 ./Core/Src/main.o
 .text.LL_TIM_EnableIT_CC4
                0x0000000008000d64       0x20 ./Core/Src/main.o
 .text.LL_TIM_GenerateEvent_UPDATE
                0x0000000008000d84       0x20 ./Core/Src/main.o
 .text.LL_USART_IsActiveFlag_RXNE
                0x0000000008000da4       0x26 ./Core/Src/main.o
 .text.LL_USART_ReceiveData8
                0x0000000008000dca       0x1a ./Core/Src/main.o
 .text.LL_GPIO_SetOutputPin
                0x0000000008000de4       0x1c ./Core/Src/main.o
 .text.LL_GPIO_ResetOutputPin
                0x0000000008000e00       0x1e ./Core/Src/main.o
 *fill*         0x0000000008000e1e        0x2 
 .text.main     0x0000000008000e20       0xe8 ./Core/Src/main.o
                0x0000000008000e20                main
 .text.SystemClock_Config
                0x0000000008000f08       0x80 ./Core/Src/main.o
                0x0000000008000f08                SystemClock_Config
 .text.Configure_TIMPWMOutput
                0x0000000008000f88      0x23c ./Core/Src/main.o
 .text.Forward  0x00000000080011c4       0x94 ./Core/Src/main.o
                0x00000000080011c4                Forward
 .text.Backward
                0x0000000008001258       0xa4 ./Core/Src/main.o
                0x0000000008001258                Backward
 .text.Rightward
                0x00000000080012fc       0xa4 ./Core/Src/main.o
                0x00000000080012fc                Rightward
 .text.Leftward
                0x00000000080013a0       0x94 ./Core/Src/main.o
                0x00000000080013a0                Leftward
 .text.Stop     0x0000000008001434       0x70 ./Core/Src/main.o
                0x0000000008001434                Stop
 .text.Motivation_Task
                0x00000000080014a4       0xb0 ./Core/Src/main.o
                0x00000000080014a4                Motivation_Task
 .text.Uart_Rx_Task
                0x0000000008001554       0x5c ./Core/Src/main.o
                0x0000000008001554                Uart_Rx_Task
 .text.NMI_Handler
                0x00000000080015b0        0x6 ./Core/Src/stm32f7xx_it.o
                0x00000000080015b0                NMI_Handler
 .text.HardFault_Handler
                0x00000000080015b6        0x6 ./Core/Src/stm32f7xx_it.o
                0x00000000080015b6                HardFault_Handler
 .text.MemManage_Handler
                0x00000000080015bc        0x6 ./Core/Src/stm32f7xx_it.o
                0x00000000080015bc                MemManage_Handler
 .text.BusFault_Handler
                0x00000000080015c2        0x6 ./Core/Src/stm32f7xx_it.o
                0x00000000080015c2                BusFault_Handler
 .text.UsageFault_Handler
                0x00000000080015c8        0x6 ./Core/Src/stm32f7xx_it.o
                0x00000000080015c8                UsageFault_Handler
 .text.DebugMon_Handler
                0x00000000080015ce        0xe ./Core/Src/stm32f7xx_it.o
                0x00000000080015ce                DebugMon_Handler
 .text.SysTick_Handler
                0x00000000080015dc       0x16 ./Core/Src/stm32f7xx_it.o
                0x00000000080015dc                SysTick_Handler
 *fill*         0x00000000080015f2        0x2 
 .text.SystemInit
                0x00000000080015f4       0x24 ./Core/Src/system_stm32f7xx.o
                0x00000000080015f4                SystemInit
 .text.LL_AHB1_GRP1_EnableClock
                0x0000000008001618       0x30 ./Core/Src/tim.o
 .text.LL_APB1_GRP1_EnableClock
                0x0000000008001648       0x30 ./Core/Src/tim.o
 .text.LL_TIM_DisableARRPreload
                0x0000000008001678       0x20 ./Core/Src/tim.o
 .text.LL_TIM_OC_DisableFast
                0x0000000008001698       0xa4 ./Core/Src/tim.o
 .text.LL_TIM_OC_EnablePreload
                0x000000000800173c       0xa0 ./Core/Src/tim.o
 .text.LL_TIM_SetTriggerOutput
                0x00000000080017dc       0x26 ./Core/Src/tim.o
 .text.LL_TIM_DisableMasterSlaveMode
                0x0000000008001802       0x20 ./Core/Src/tim.o
 *fill*         0x0000000008001822        0x2 
 .text.MX_TIM4_Init
                0x0000000008001824      0x1b4 ./Core/Src/tim.o
                0x0000000008001824                MX_TIM4_Init
 .text.LL_AHB1_GRP1_EnableClock
                0x00000000080019d8       0x30 ./Core/Src/usart.o
 .text.LL_APB1_GRP1_EnableClock
                0x0000000008001a08       0x30 ./Core/Src/usart.o
 .text.LL_USART_Enable
                0x0000000008001a38       0x20 ./Core/Src/usart.o
 .text.LL_USART_ConfigAsyncMode
                0x0000000008001a58       0x2c ./Core/Src/usart.o
 .text.MX_USART3_UART_Init
                0x0000000008001a84       0xc8 ./Core/Src/usart.o
                0x0000000008001a84                MX_USART3_UART_Init
 .text.Reset_Handler
                0x0000000008001b4c       0x50 ./Core/Startup/startup_stm32f767zitx.o
                0x0000000008001b4c                Reset_Handler
 .text.Default_Handler
                0x0000000008001b9c        0x2 ./Core/Startup/startup_stm32f767zitx.o
                0x0000000008001b9c                RTC_Alarm_IRQHandler
                0x0000000008001b9c                EXTI2_IRQHandler
                0x0000000008001b9c                TIM8_CC_IRQHandler
                0x0000000008001b9c                UART8_IRQHandler
                0x0000000008001b9c                SPI4_IRQHandler
                0x0000000008001b9c                TIM1_CC_IRQHandler
                0x0000000008001b9c                DMA2_Stream5_IRQHandler
                0x0000000008001b9c                JPEG_IRQHandler
                0x0000000008001b9c                DMA1_Stream5_IRQHandler
                0x0000000008001b9c                CAN3_RX1_IRQHandler
                0x0000000008001b9c                PVD_IRQHandler
                0x0000000008001b9c                TAMP_STAMP_IRQHandler
                0x0000000008001b9c                CAN2_RX1_IRQHandler
                0x0000000008001b9c                EXTI3_IRQHandler
                0x0000000008001b9c                TIM8_TRG_COM_TIM14_IRQHandler
                0x0000000008001b9c                DFSDM1_FLT1_IRQHandler
                0x0000000008001b9c                TIM1_UP_TIM10_IRQHandler
                0x0000000008001b9c                TIM8_UP_TIM13_IRQHandler
                0x0000000008001b9c                I2C3_ER_IRQHandler
                0x0000000008001b9c                DFSDM1_FLT2_IRQHandler
                0x0000000008001b9c                EXTI0_IRQHandler
                0x0000000008001b9c                I2C2_EV_IRQHandler
                0x0000000008001b9c                DMA1_Stream2_IRQHandler
                0x0000000008001b9c                CAN1_RX0_IRQHandler
                0x0000000008001b9c                FPU_IRQHandler
                0x0000000008001b9c                OTG_HS_WKUP_IRQHandler
                0x0000000008001b9c                CAN3_SCE_IRQHandler
                0x0000000008001b9c                LTDC_ER_IRQHandler
                0x0000000008001b9c                CAN2_SCE_IRQHandler
                0x0000000008001b9c                DMA2_Stream2_IRQHandler
                0x0000000008001b9c                SPI1_IRQHandler
                0x0000000008001b9c                TIM6_DAC_IRQHandler
                0x0000000008001b9c                TIM1_BRK_TIM9_IRQHandler
                0x0000000008001b9c                DCMI_IRQHandler
                0x0000000008001b9c                CAN2_RX0_IRQHandler
                0x0000000008001b9c                DMA2_Stream3_IRQHandler
                0x0000000008001b9c                SAI2_IRQHandler
                0x0000000008001b9c                DFSDM1_FLT3_IRQHandler
                0x0000000008001b9c                USART6_IRQHandler
                0x0000000008001b9c                CAN3_RX0_IRQHandler
                0x0000000008001b9c                USART3_IRQHandler
                0x0000000008001b9c                CAN1_RX1_IRQHandler
                0x0000000008001b9c                UART5_IRQHandler
                0x0000000008001b9c                DMA2_Stream0_IRQHandler
                0x0000000008001b9c                TIM4_IRQHandler
                0x0000000008001b9c                QUADSPI_IRQHandler
                0x0000000008001b9c                I2C1_EV_IRQHandler
                0x0000000008001b9c                DMA1_Stream6_IRQHandler
                0x0000000008001b9c                DMA1_Stream1_IRQHandler
                0x0000000008001b9c                UART4_IRQHandler
                0x0000000008001b9c                TIM3_IRQHandler
                0x0000000008001b9c                RCC_IRQHandler
                0x0000000008001b9c                TIM8_BRK_TIM12_IRQHandler
                0x0000000008001b9c                Default_Handler
                0x0000000008001b9c                CEC_IRQHandler
                0x0000000008001b9c                EXTI15_10_IRQHandler
                0x0000000008001b9c                ADC_IRQHandler
                0x0000000008001b9c                DMA1_Stream7_IRQHandler
                0x0000000008001b9c                SPI5_IRQHandler
                0x0000000008001b9c                TIM7_IRQHandler
                0x0000000008001b9c                SDMMC1_IRQHandler
                0x0000000008001b9c                CAN2_TX_IRQHandler
                0x0000000008001b9c                TIM5_IRQHandler
                0x0000000008001b9c                DMA2_Stream7_IRQHandler
                0x0000000008001b9c                I2C3_EV_IRQHandler
                0x0000000008001b9c                EXTI9_5_IRQHandler
                0x0000000008001b9c                RTC_WKUP_IRQHandler
                0x0000000008001b9c                LTDC_IRQHandler
                0x0000000008001b9c                ETH_WKUP_IRQHandler
                0x0000000008001b9c                SPDIF_RX_IRQHandler
                0x0000000008001b9c                SPI2_IRQHandler
                0x0000000008001b9c                OTG_HS_EP1_IN_IRQHandler
                0x0000000008001b9c                DMA1_Stream0_IRQHandler
                0x0000000008001b9c                CAN1_TX_IRQHandler
                0x0000000008001b9c                EXTI4_IRQHandler
                0x0000000008001b9c                RNG_IRQHandler
                0x0000000008001b9c                ETH_IRQHandler
                0x0000000008001b9c                OTG_HS_EP1_OUT_IRQHandler
                0x0000000008001b9c                WWDG_IRQHandler
                0x0000000008001b9c                SPI6_IRQHandler
                0x0000000008001b9c                MDIOS_IRQHandler
                0x0000000008001b9c                I2C4_EV_IRQHandler
                0x0000000008001b9c                CAN3_TX_IRQHandler
                0x0000000008001b9c                TIM2_IRQHandler
                0x0000000008001b9c                OTG_FS_WKUP_IRQHandler
                0x0000000008001b9c                TIM1_TRG_COM_TIM11_IRQHandler
                0x0000000008001b9c                OTG_HS_IRQHandler
                0x0000000008001b9c                DMA2D_IRQHandler
                0x0000000008001b9c                EXTI1_IRQHandler
                0x0000000008001b9c                SDMMC2_IRQHandler
                0x0000000008001b9c                UART7_IRQHandler
                0x0000000008001b9c                USART2_IRQHandler
                0x0000000008001b9c                DFSDM1_FLT0_IRQHandler
                0x0000000008001b9c                I2C2_ER_IRQHandler
                0x0000000008001b9c                DMA2_Stream1_IRQHandler
                0x0000000008001b9c                CAN1_SCE_IRQHandler
                0x0000000008001b9c                FLASH_IRQHandler
                0x0000000008001b9c                DMA2_Stream4_IRQHandler
                0x0000000008001b9c                USART1_IRQHandler
                0x0000000008001b9c                OTG_FS_IRQHandler
                0x0000000008001b9c                SPI3_IRQHandler
                0x0000000008001b9c                DMA1_Stream4_IRQHandler
                0x0000000008001b9c                I2C1_ER_IRQHandler
                0x0000000008001b9c                FMC_IRQHandler
                0x0000000008001b9c                LPTIM1_IRQHandler
                0x0000000008001b9c                I2C4_ER_IRQHandler
                0x0000000008001b9c                DMA2_Stream6_IRQHandler
                0x0000000008001b9c                SAI1_IRQHandler
                0x0000000008001b9c                DMA1_Stream3_IRQHandler
 .text.LL_GPIO_SetPinMode
                0x0000000008001b9e       0x5e ./Drivers/STM32F7xx_HAL_Driver/Src/stm32f7xx_ll_gpio.o
 .text.LL_GPIO_SetPinOutputType
                0x0000000008001bfc       0x30 ./Drivers/STM32F7xx_HAL_Driver/Src/stm32f7xx_ll_gpio.o
 .text.LL_GPIO_SetPinSpeed
                0x0000000008001c2c       0x5e ./Drivers/STM32F7xx_HAL_Driver/Src/stm32f7xx_ll_gpio.o
 .text.LL_GPIO_SetPinPull
                0x0000000008001c8a       0x5e ./Drivers/STM32F7xx_HAL_Driver/Src/stm32f7xx_ll_gpio.o
 .text.LL_GPIO_SetAFPin_0_7
                0x0000000008001ce8       0x5e ./Drivers/STM32F7xx_HAL_Driver/Src/stm32f7xx_ll_gpio.o
 .text.LL_GPIO_SetAFPin_8_15
                0x0000000008001d46       0x62 ./Drivers/STM32F7xx_HAL_Driver/Src/stm32f7xx_ll_gpio.o
 .text.LL_GPIO_Init
                0x0000000008001da8       0xe8 ./Drivers/STM32F7xx_HAL_Driver/Src/stm32f7xx_ll_gpio.o
                0x0000000008001da8                LL_GPIO_Init
 .text.LL_I2C_Enable
                0x0000000008001e90       0x20 ./Drivers/STM32F7xx_HAL_Driver/Src/stm32f7xx_ll_i2c.o
 .text.LL_I2C_Disable
                0x0000000008001eb0       0x20 ./Drivers/STM32F7xx_HAL_Driver/Src/stm32f7xx_ll_i2c.o
 .text.LL_I2C_ConfigFilters
                0x0000000008001ed0       0x2e ./Drivers/STM32F7xx_HAL_Driver/Src/stm32f7xx_ll_i2c.o
 *fill*         0x0000000008001efe        0x2 
 .text.LL_I2C_SetOwnAddress1
                0x0000000008001f00       0x30 ./Drivers/STM32F7xx_HAL_Driver/Src/stm32f7xx_ll_i2c.o
 .text.LL_I2C_EnableOwnAddress1
                0x0000000008001f30       0x20 ./Drivers/STM32F7xx_HAL_Driver/Src/stm32f7xx_ll_i2c.o
 .text.LL_I2C_DisableOwnAddress1
                0x0000000008001f50       0x20 ./Drivers/STM32F7xx_HAL_Driver/Src/stm32f7xx_ll_i2c.o
 .text.LL_I2C_SetTiming
                0x0000000008001f70       0x1c ./Drivers/STM32F7xx_HAL_Driver/Src/stm32f7xx_ll_i2c.o
 .text.LL_I2C_SetMode
                0x0000000008001f8c       0x26 ./Drivers/STM32F7xx_HAL_Driver/Src/stm32f7xx_ll_i2c.o
 .text.LL_I2C_AcknowledgeNextData
                0x0000000008001fb2       0x26 ./Drivers/STM32F7xx_HAL_Driver/Src/stm32f7xx_ll_i2c.o
 .text.LL_I2C_Init
                0x0000000008001fd8       0x78 ./Drivers/STM32F7xx_HAL_Driver/Src/stm32f7xx_ll_i2c.o
                0x0000000008001fd8                LL_I2C_Init
 .text.LL_RCC_HSI_IsReady
                0x0000000008002050       0x24 ./Drivers/STM32F7xx_HAL_Driver/Src/stm32f7xx_ll_rcc.o
 .text.LL_RCC_LSE_IsReady
                0x0000000008002074       0x24 ./Drivers/STM32F7xx_HAL_Driver/Src/stm32f7xx_ll_rcc.o
 .text.LL_RCC_GetSysClkSource
                0x0000000008002098       0x1c ./Drivers/STM32F7xx_HAL_Driver/Src/stm32f7xx_ll_rcc.o
 .text.LL_RCC_GetAHBPrescaler
                0x00000000080020b4       0x1c ./Drivers/STM32F7xx_HAL_Driver/Src/stm32f7xx_ll_rcc.o
 .text.LL_RCC_GetAPB1Prescaler
                0x00000000080020d0       0x1c ./Drivers/STM32F7xx_HAL_Driver/Src/stm32f7xx_ll_rcc.o
 .text.LL_RCC_GetAPB2Prescaler
                0x00000000080020ec       0x1c ./Drivers/STM32F7xx_HAL_Driver/Src/stm32f7xx_ll_rcc.o
 .text.LL_RCC_GetUSARTClockSource
                0x0000000008002108       0x28 ./Drivers/STM32F7xx_HAL_Driver/Src/stm32f7xx_ll_rcc.o
 .text.LL_RCC_GetUARTClockSource
                0x0000000008002130       0x28 ./Drivers/STM32F7xx_HAL_Driver/Src/stm32f7xx_ll_rcc.o
 .text.LL_RCC_PLL_GetMainSource
                0x0000000008002158       0x1c ./Drivers/STM32F7xx_HAL_Driver/Src/stm32f7xx_ll_rcc.o
 .text.LL_RCC_PLL_GetN
                0x0000000008002174       0x1c ./Drivers/STM32F7xx_HAL_Driver/Src/stm32f7xx_ll_rcc.o
 .text.LL_RCC_PLL_GetP
                0x0000000008002190       0x1c ./Drivers/STM32F7xx_HAL_Driver/Src/stm32f7xx_ll_rcc.o
 .text.LL_RCC_PLL_GetDivider
                0x00000000080021ac       0x1c ./Drivers/STM32F7xx_HAL_Driver/Src/stm32f7xx_ll_rcc.o
 .text.LL_RCC_GetUSARTClockFreq
                0x00000000080021c8      0x210 ./Drivers/STM32F7xx_HAL_Driver/Src/stm32f7xx_ll_rcc.o
                0x00000000080021c8                LL_RCC_GetUSARTClockFreq
 .text.LL_RCC_GetUARTClockFreq
                0x00000000080023d8      0x214 ./Drivers/STM32F7xx_HAL_Driver/Src/stm32f7xx_ll_rcc.o
                0x00000000080023d8                LL_RCC_GetUARTClockFreq
 .text.RCC_GetSystemClockFreq
                0x00000000080025ec       0x50 ./Drivers/STM32F7xx_HAL_Driver/Src/stm32f7xx_ll_rcc.o
                0x00000000080025ec                RCC_GetSystemClockFreq
 .text.RCC_GetHCLKClockFreq
                0x000000000800263c       0x2c ./Drivers/STM32F7xx_HAL_Driver/Src/stm32f7xx_ll_rcc.o
                0x000000000800263c                RCC_GetHCLKClockFreq
 .text.RCC_GetPCLK1ClockFreq
                0x0000000008002668       0x28 ./Drivers/STM32F7xx_HAL_Driver/Src/stm32f7xx_ll_rcc.o
                0x0000000008002668                RCC_GetPCLK1ClockFreq
 .text.RCC_GetPCLK2ClockFreq
                0x0000000008002690       0x28 ./Drivers/STM32F7xx_HAL_Driver/Src/stm32f7xx_ll_rcc.o
                0x0000000008002690                RCC_GetPCLK2ClockFreq
 .text.RCC_PLL_GetFreqDomain_SYS
                0x00000000080026b8       0x6c ./Drivers/STM32F7xx_HAL_Driver/Src/stm32f7xx_ll_rcc.o
                0x00000000080026b8                RCC_PLL_GetFreqDomain_SYS
 .text.LL_TIM_SetPrescaler
                0x0000000008002724       0x1c ./Drivers/STM32F7xx_HAL_Driver/Src/stm32f7xx_ll_tim.o
 .text.LL_TIM_SetAutoReload
                0x0000000008002740       0x1c ./Drivers/STM32F7xx_HAL_Driver/Src/stm32f7xx_ll_tim.o
 .text.LL_TIM_SetRepetitionCounter
                0x000000000800275c       0x1c ./Drivers/STM32F7xx_HAL_Driver/Src/stm32f7xx_ll_tim.o
 .text.LL_TIM_OC_SetCompareCH1
                0x0000000008002778       0x1c ./Drivers/STM32F7xx_HAL_Driver/Src/stm32f7xx_ll_tim.o
 .text.LL_TIM_OC_SetCompareCH2
                0x0000000008002794       0x1c ./Drivers/STM32F7xx_HAL_Driver/Src/stm32f7xx_ll_tim.o
 .text.LL_TIM_OC_SetCompareCH3
                0x00000000080027b0       0x1c ./Drivers/STM32F7xx_HAL_Driver/Src/stm32f7xx_ll_tim.o
 .text.LL_TIM_OC_SetCompareCH4
                0x00000000080027cc       0x1c ./Drivers/STM32F7xx_HAL_Driver/Src/stm32f7xx_ll_tim.o
 .text.LL_TIM_OC_SetCompareCH5
                0x00000000080027e8       0x20 ./Drivers/STM32F7xx_HAL_Driver/Src/stm32f7xx_ll_tim.o
 .text.LL_TIM_OC_SetCompareCH6
                0x0000000008002808       0x1c ./Drivers/STM32F7xx_HAL_Driver/Src/stm32f7xx_ll_tim.o
 .text.LL_TIM_GenerateEvent_UPDATE
                0x0000000008002824       0x20 ./Drivers/STM32F7xx_HAL_Driver/Src/stm32f7xx_ll_tim.o
 .text.LL_TIM_Init
                0x0000000008002844      0x134 ./Drivers/STM32F7xx_HAL_Driver/Src/stm32f7xx_ll_tim.o
                0x0000000008002844                LL_TIM_Init
 .text.LL_TIM_OC_Init
                0x0000000008002978       0xbe ./Drivers/STM32F7xx_HAL_Driver/Src/stm32f7xx_ll_tim.o
                0x0000000008002978                LL_TIM_OC_Init
 *fill*         0x0000000008002a36        0x2 
 .text.OC1Config
                0x0000000008002a38       0xdc ./Drivers/STM32F7xx_HAL_Driver/Src/stm32f7xx_ll_tim.o
 .text.OC2Config
                0x0000000008002b14       0xe4 ./Drivers/STM32F7xx_HAL_Driver/Src/stm32f7xx_ll_tim.o
 .text.OC3Config
                0x0000000008002bf8       0xe4 ./Drivers/STM32F7xx_HAL_Driver/Src/stm32f7xx_ll_tim.o
 .text.OC4Config
                0x0000000008002cdc       0xb4 ./Drivers/STM32F7xx_HAL_Driver/Src/stm32f7xx_ll_tim.o
 .text.OC5Config
                0x0000000008002d90       0xa4 ./Drivers/STM32F7xx_HAL_Driver/Src/stm32f7xx_ll_tim.o
 .text.OC6Config
                0x0000000008002e34       0xa4 ./Drivers/STM32F7xx_HAL_Driver/Src/stm32f7xx_ll_tim.o
 .text.LL_USART_IsEnabled
                0x0000000008002ed8       0x26 ./Drivers/STM32F7xx_HAL_Driver/Src/stm32f7xx_ll_usart.o
 .text.LL_USART_SetStopBitsLength
                0x0000000008002efe       0x26 ./Drivers/STM32F7xx_HAL_Driver/Src/stm32f7xx_ll_usart.o
 .text.LL_USART_SetHWFlowCtrl
                0x0000000008002f24       0x26 ./Drivers/STM32F7xx_HAL_Driver/Src/stm32f7xx_ll_usart.o
 .text.LL_USART_SetBaudRate
                0x0000000008002f4a       0x6e ./Drivers/STM32F7xx_HAL_Driver/Src/stm32f7xx_ll_usart.o
 .text.LL_USART_Init
                0x0000000008002fb8      0x140 ./Drivers/STM32F7xx_HAL_Driver/Src/stm32f7xx_ll_usart.o
                0x0000000008002fb8                LL_USART_Init
 .text.LL_InitTick
                0x00000000080030f8       0x34 ./Drivers/STM32F7xx_HAL_Driver/Src/stm32f7xx_ll_utils.o
 .text.LL_Init1msTick
                0x000000000800312c       0x1a ./Drivers/STM32F7xx_HAL_Driver/Src/stm32f7xx_ll_utils.o
                0x000000000800312c                LL_Init1msTick
 *fill*         0x0000000008003146        0x2 
 .text.LL_SetSystemCoreClock
                0x0000000008003148       0x20 ./Drivers/STM32F7xx_HAL_Driver/Src/stm32f7xx_ll_utils.o
                0x0000000008003148                LL_SetSystemCoreClock
 .text.vListInitialise
                0x0000000008003168       0x40 ./Middlewares/Third_Party/FreeRTOS/Source/list.o
                0x0000000008003168                vListInitialise
 .text.vListInitialiseItem
                0x00000000080031a8       0x1a ./Middlewares/Third_Party/FreeRTOS/Source/list.o
                0x00000000080031a8                vListInitialiseItem
 .text.vListInsertEnd
                0x00000000080031c2       0x48 ./Middlewares/Third_Party/FreeRTOS/Source/list.o
                0x00000000080031c2                vListInsertEnd
 .text.vListInsert
                0x000000000800320a       0x72 ./Middlewares/Third_Party/FreeRTOS/Source/list.o
                0x000000000800320a                vListInsert
 .text.uxListRemove
                0x000000000800327c       0x54 ./Middlewares/Third_Party/FreeRTOS/Source/list.o
                0x000000000800327c                uxListRemove
 .text.xQueueGenericReset
                0x00000000080032d0       0xd4 ./Middlewares/Third_Party/FreeRTOS/Source/queue.o
                0x00000000080032d0                xQueueGenericReset
 .text.xQueueGenericCreate
                0x00000000080033a4       0x84 ./Middlewares/Third_Party/FreeRTOS/Source/queue.o
                0x00000000080033a4                xQueueGenericCreate
 .text.prvInitialiseNewQueue
                0x0000000008003428       0x3e ./Middlewares/Third_Party/FreeRTOS/Source/queue.o
 *fill*         0x0000000008003466        0x2 
 .text.xQueueGenericSend
                0x0000000008003468      0x20c ./Middlewares/Third_Party/FreeRTOS/Source/queue.o
                0x0000000008003468                xQueueGenericSend
 .text.xQueueReceive
                0x0000000008003674      0x1cc ./Middlewares/Third_Party/FreeRTOS/Source/queue.o
                0x0000000008003674                xQueueReceive
 .text.prvCopyDataToQueue
                0x0000000008003840       0xd4 ./Middlewares/Third_Party/FreeRTOS/Source/queue.o
 .text.prvCopyDataFromQueue
                0x0000000008003914       0x4c ./Middlewares/Third_Party/FreeRTOS/Source/queue.o
 .text.prvUnlockQueue
                0x0000000008003960       0xa4 ./Middlewares/Third_Party/FreeRTOS/Source/queue.o
 .text.prvIsQueueEmpty
                0x0000000008003a04       0x2c ./Middlewares/Third_Party/FreeRTOS/Source/queue.o
 .text.prvIsQueueFull
                0x0000000008003a30       0x30 ./Middlewares/Third_Party/FreeRTOS/Source/queue.o
 .text.xTaskCreateStatic
                0x0000000008003a60       0xc6 ./Middlewares/Third_Party/FreeRTOS/Source/tasks.o
                0x0000000008003a60                xTaskCreateStatic
 .text.xTaskCreate
                0x0000000008003b26       0x8a ./Middlewares/Third_Party/FreeRTOS/Source/tasks.o
                0x0000000008003b26                xTaskCreate
 .text.prvInitialiseNewTask
                0x0000000008003bb0      0x112 ./Middlewares/Third_Party/FreeRTOS/Source/tasks.o
 *fill*         0x0000000008003cc2        0x2 
 .text.prvAddNewTaskToReadyList
                0x0000000008003cc4       0xd4 ./Middlewares/Third_Party/FreeRTOS/Source/tasks.o
 .text.vTaskDelay
                0x0000000008003d98       0x6c ./Middlewares/Third_Party/FreeRTOS/Source/tasks.o
                0x0000000008003d98                vTaskDelay
 .text.vTaskStartScheduler
                0x0000000008003e04       0xc8 ./Middlewares/Third_Party/FreeRTOS/Source/tasks.o
                0x0000000008003e04                vTaskStartScheduler
 .text.vTaskSuspendAll
                0x0000000008003ecc       0x1c ./Middlewares/Third_Party/FreeRTOS/Source/tasks.o
                0x0000000008003ecc                vTaskSuspendAll
 .text.xTaskResumeAll
                0x0000000008003ee8      0x13c ./Middlewares/Third_Party/FreeRTOS/Source/tasks.o
                0x0000000008003ee8                xTaskResumeAll
 .text.xTaskIncrementTick
                0x0000000008004024      0x174 ./Middlewares/Third_Party/FreeRTOS/Source/tasks.o
                0x0000000008004024                xTaskIncrementTick
 .text.vTaskSwitchContext
                0x0000000008004198       0xbc ./Middlewares/Third_Party/FreeRTOS/Source/tasks.o
                0x0000000008004198                vTaskSwitchContext
 .text.vTaskPlaceOnEventList
                0x0000000008004254       0x4c ./Middlewares/Third_Party/FreeRTOS/Source/tasks.o
                0x0000000008004254                vTaskPlaceOnEventList
 .text.xTaskRemoveFromEventList
                0x00000000080042a0       0xc8 ./Middlewares/Third_Party/FreeRTOS/Source/tasks.o
                0x00000000080042a0                xTaskRemoveFromEventList
 .text.vTaskInternalSetTimeOutState
                0x0000000008004368       0x2c ./Middlewares/Third_Party/FreeRTOS/Source/tasks.o
                0x0000000008004368                vTaskInternalSetTimeOutState
 .text.xTaskCheckForTimeOut
                0x0000000008004394       0xcc ./Middlewares/Third_Party/FreeRTOS/Source/tasks.o
                0x0000000008004394                xTaskCheckForTimeOut
 .text.vTaskMissedYield
                0x0000000008004460       0x18 ./Middlewares/Third_Party/FreeRTOS/Source/tasks.o
                0x0000000008004460                vTaskMissedYield
 .text.prvIdleTask
                0x0000000008004478       0x30 ./Middlewares/Third_Party/FreeRTOS/Source/tasks.o
 .text.prvInitialiseTaskLists
                0x00000000080044a8       0x80 ./Middlewares/Third_Party/FreeRTOS/Source/tasks.o
 .text.prvCheckTasksWaitingTermination
                0x0000000008004528       0x5c ./Middlewares/Third_Party/FreeRTOS/Source/tasks.o
 .text.prvDeleteTCB
                0x0000000008004584       0x62 ./Middlewares/Third_Party/FreeRTOS/Source/tasks.o
 *fill*         0x00000000080045e6        0x2 
 .text.prvResetNextTaskUnblockTime
                0x00000000080045e8       0x40 ./Middlewares/Third_Party/FreeRTOS/Source/tasks.o
 .text.xTaskGetSchedulerState
                0x0000000008004628       0x3c ./Middlewares/Third_Party/FreeRTOS/Source/tasks.o
                0x0000000008004628                xTaskGetSchedulerState
 .text.xTaskPriorityDisinherit
                0x0000000008004664      0x114 ./Middlewares/Third_Party/FreeRTOS/Source/tasks.o
                0x0000000008004664                xTaskPriorityDisinherit
 .text.prvAddCurrentTaskToDelayedList
                0x0000000008004778       0xcc ./Middlewares/Third_Party/FreeRTOS/Source/tasks.o
 .text.pxPortInitialiseStack
                0x0000000008004844       0x68 ./Middlewares/Third_Party/FreeRTOS/Source/portable/GCC/ARM_CM7/r0p1/port.o
                0x0000000008004844                pxPortInitialiseStack
 .text.prvTaskExitError
                0x00000000080048ac       0x60 ./Middlewares/Third_Party/FreeRTOS/Source/portable/GCC/ARM_CM7/r0p1/port.o
 *fill*         0x000000000800490c        0x4 
 .text.SVC_Handler
                0x0000000008004910       0x28 ./Middlewares/Third_Party/FreeRTOS/Source/portable/GCC/ARM_CM7/r0p1/port.o
                0x0000000008004910                SVC_Handler
 .text.prvPortStartFirstTask
                0x0000000008004938       0x28 ./Middlewares/Third_Party/FreeRTOS/Source/portable/GCC/ARM_CM7/r0p1/port.o
 .text.xPortStartScheduler
                0x0000000008004960       0xfc ./Middlewares/Third_Party/FreeRTOS/Source/portable/GCC/ARM_CM7/r0p1/port.o
                0x0000000008004960                xPortStartScheduler
 .text.vPortEnterCritical
                0x0000000008004a5c       0x68 ./Middlewares/Third_Party/FreeRTOS/Source/portable/GCC/ARM_CM7/r0p1/port.o
                0x0000000008004a5c                vPortEnterCritical
 .text.vPortExitCritical
                0x0000000008004ac4       0x58 ./Middlewares/Third_Party/FreeRTOS/Source/portable/GCC/ARM_CM7/r0p1/port.o
                0x0000000008004ac4                vPortExitCritical
 *fill*         0x0000000008004b1c        0x4 
 .text.PendSV_Handler
                0x0000000008004b20       0x68 ./Middlewares/Third_Party/FreeRTOS/Source/portable/GCC/ARM_CM7/r0p1/port.o
                0x0000000008004b20                PendSV_Handler
 .text.xPortSysTickHandler
                0x0000000008004b88       0x48 ./Middlewares/Third_Party/FreeRTOS/Source/portable/GCC/ARM_CM7/r0p1/port.o
                0x0000000008004b88                xPortSysTickHandler
 .text.vPortSetupTimerInterrupt
                0x0000000008004bd0       0x48 ./Middlewares/Third_Party/FreeRTOS/Source/portable/GCC/ARM_CM7/r0p1/port.o
                0x0000000008004bd0                vPortSetupTimerInterrupt
 .text.vPortEnableVFP
                0x0000000008004c18       0x14 ./Middlewares/Third_Party/FreeRTOS/Source/portable/GCC/ARM_CM7/r0p1/port.o
 .text.pvPortMalloc
                0x0000000008004c2c      0x194 ./Middlewares/Third_Party/FreeRTOS/Source/portable/MemMang/heap_4.o
                0x0000000008004c2c                pvPortMalloc
 .text.vPortFree
                0x0000000008004dc0       0xbc ./Middlewares/Third_Party/FreeRTOS/Source/portable/MemMang/heap_4.o
                0x0000000008004dc0                vPortFree
 .text.prvHeapInit
                0x0000000008004e7c       0xc4 ./Middlewares/Third_Party/FreeRTOS/Source/portable/MemMang/heap_4.o
 .text.prvInsertBlockIntoFreeList
                0x0000000008004f40       0xb4 ./Middlewares/Third_Party/FreeRTOS/Source/portable/MemMang/heap_4.o
 .text.__libc_init_array
                0x0000000008004ff4       0x48 c:/st/stm32cubeide_1.7.0/stm32cubeide/plugins/com.st.stm32cube.ide.mcu.externaltools.gnu-tools-for-stm32.9-2020-q2-update.win32_2.0.0.202105311346/tools/bin/../lib/gcc/arm-none-eabi/9.3.1/../../../../arm-none-eabi/lib/thumb/v7e-m+dp/hard\libc_nano.a(lib_a-init.o)
                0x0000000008004ff4                __libc_init_array
 .text.memcpy   0x000000000800503c       0x1c c:/st/stm32cubeide_1.7.0/stm32cubeide/plugins/com.st.stm32cube.ide.mcu.externaltools.gnu-tools-for-stm32.9-2020-q2-update.win32_2.0.0.202105311346/tools/bin/../lib/gcc/arm-none-eabi/9.3.1/../../../../arm-none-eabi/lib/thumb/v7e-m+dp/hard\libc_nano.a(lib_a-memcpy-stub.o)
                0x000000000800503c                memcpy
 .text.memset   0x0000000008005058       0x10 c:/st/stm32cubeide_1.7.0/stm32cubeide/plugins/com.st.stm32cube.ide.mcu.externaltools.gnu-tools-for-stm32.9-2020-q2-update.win32_2.0.0.202105311346/tools/bin/../lib/gcc/arm-none-eabi/9.3.1/../../../../arm-none-eabi/lib/thumb/v7e-m+dp/hard\libc_nano.a(lib_a-memset.o)
                0x0000000008005058                memset
 *(.glue_7)
 .glue_7        0x0000000008005068        0x0 linker stubs
 *(.glue_7t)
 .glue_7t       0x0000000008005068        0x0 linker stubs
 *(.eh_frame)
 .eh_frame      0x0000000008005068        0x0 c:/st/stm32cubeide_1.7.0/stm32cubeide/plugins/com.st.stm32cube.ide.mcu.externaltools.gnu-tools-for-stm32.9-2020-q2-update.win32_2.0.0.202105311346/tools/bin/../lib/gcc/arm-none-eabi/9.3.1/thumb/v7e-m+dp/hard/crtbegin.o
 *(.init)
 .init          0x0000000008005068        0x4 c:/st/stm32cubeide_1.7.0/stm32cubeide/plugins/com.st.stm32cube.ide.mcu.externaltools.gnu-tools-for-stm32.9-2020-q2-update.win32_2.0.0.202105311346/tools/bin/../lib/gcc/arm-none-eabi/9.3.1/thumb/v7e-m+dp/hard/crti.o
                0x0000000008005068                _init
 .init          0x000000000800506c        0x8 c:/st/stm32cubeide_1.7.0/stm32cubeide/plugins/com.st.stm32cube.ide.mcu.externaltools.gnu-tools-for-stm32.9-2020-q2-update.win32_2.0.0.202105311346/tools/bin/../lib/gcc/arm-none-eabi/9.3.1/thumb/v7e-m+dp/hard/crtn.o
 *(.fini)
 .fini          0x0000000008005074        0x4 c:/st/stm32cubeide_1.7.0/stm32cubeide/plugins/com.st.stm32cube.ide.mcu.externaltools.gnu-tools-for-stm32.9-2020-q2-update.win32_2.0.0.202105311346/tools/bin/../lib/gcc/arm-none-eabi/9.3.1/thumb/v7e-m+dp/hard/crti.o
                0x0000000008005074                _fini
 .fini          0x0000000008005078        0x8 c:/st/stm32cubeide_1.7.0/stm32cubeide/plugins/com.st.stm32cube.ide.mcu.externaltools.gnu-tools-for-stm32.9-2020-q2-update.win32_2.0.0.202105311346/tools/bin/../lib/gcc/arm-none-eabi/9.3.1/thumb/v7e-m+dp/hard/crtn.o
                0x0000000008005080                . = ALIGN (0x4)
                0x0000000008005080                _etext = .

.vfp11_veneer   0x0000000008005080        0x0
 .vfp11_veneer  0x0000000008005080        0x0 linker stubs

.v4_bx          0x0000000008005080        0x0
 .v4_bx         0x0000000008005080        0x0 linker stubs

.iplt           0x0000000008005080        0x0
 .iplt          0x0000000008005080        0x0 c:/st/stm32cubeide_1.7.0/stm32cubeide/plugins/com.st.stm32cube.ide.mcu.externaltools.gnu-tools-for-stm32.9-2020-q2-update.win32_2.0.0.202105311346/tools/bin/../lib/gcc/arm-none-eabi/9.3.1/thumb/v7e-m+dp/hard/crtbegin.o

.rodata         0x0000000008005080       0x7c
                0x0000000008005080                . = ALIGN (0x4)
 *(.rodata)
 .rodata        0x0000000008005080       0x1d ./Core/Src/main.o
 *fill*         0x000000000800509d        0x3 
 .rodata        0x00000000080050a0        0x5 ./Middlewares/Third_Party/FreeRTOS/Source/tasks.o
 *(.rodata*)
 *fill*         0x00000000080050a5        0x3 
 .rodata.OFFSET_TAB_CCMRx
                0x00000000080050a8        0x9 ./Core/Src/main.o
 *fill*         0x00000000080050b1        0x3 
 .rodata.SHIFT_TAB_OCxx
                0x00000000080050b4        0x9 ./Core/Src/main.o
 *fill*         0x00000000080050bd        0x3 
 .rodata.SHIFT_TAB_CCxP
                0x00000000080050c0        0x9 ./Core/Src/main.o
 *fill*         0x00000000080050c9        0x3 
 .rodata.AHBPrescTable
                0x00000000080050cc       0x10 ./Core/Src/system_stm32f7xx.o
                0x00000000080050cc                AHBPrescTable
 .rodata.APBPrescTable
                0x00000000080050dc        0x8 ./Core/Src/system_stm32f7xx.o
                0x00000000080050dc                APBPrescTable
 .rodata.OFFSET_TAB_CCMRx
                0x00000000080050e4        0x9 ./Core/Src/tim.o
 *fill*         0x00000000080050ed        0x3 
 .rodata.SHIFT_TAB_OCxx
                0x00000000080050f0        0x9 ./Core/Src/tim.o
                0x00000000080050fc                . = ALIGN (0x4)
 *fill*         0x00000000080050f9        0x3 

.rel.dyn        0x00000000080050fc        0x0
 .rel.iplt      0x00000000080050fc        0x0 c:/st/stm32cubeide_1.7.0/stm32cubeide/plugins/com.st.stm32cube.ide.mcu.externaltools.gnu-tools-for-stm32.9-2020-q2-update.win32_2.0.0.202105311346/tools/bin/../lib/gcc/arm-none-eabi/9.3.1/thumb/v7e-m+dp/hard/crtbegin.o

.ARM.extab      0x00000000080050fc        0x0
                0x00000000080050fc                . = ALIGN (0x4)
 *(.ARM.extab* .gnu.linkonce.armextab.*)
                0x00000000080050fc                . = ALIGN (0x4)

.ARM            0x00000000080050fc        0x0
                0x00000000080050fc                . = ALIGN (0x4)
                0x00000000080050fc                __exidx_start = .
 *(.ARM.exidx*)
                0x00000000080050fc                __exidx_end = .
                0x00000000080050fc                . = ALIGN (0x4)

.preinit_array  0x00000000080050fc        0x0
                0x00000000080050fc                . = ALIGN (0x4)
                0x00000000080050fc                PROVIDE (__preinit_array_start = .)
 *(.preinit_array*)
                0x00000000080050fc                PROVIDE (__preinit_array_end = .)
                0x00000000080050fc                . = ALIGN (0x4)

.init_array     0x00000000080050fc        0x4
                0x00000000080050fc                . = ALIGN (0x4)
                0x00000000080050fc                PROVIDE (__init_array_start = .)
 *(SORT_BY_NAME(.init_array.*))
 *(.init_array*)
 .init_array    0x00000000080050fc        0x4 c:/st/stm32cubeide_1.7.0/stm32cubeide/plugins/com.st.stm32cube.ide.mcu.externaltools.gnu-tools-for-stm32.9-2020-q2-update.win32_2.0.0.202105311346/tools/bin/../lib/gcc/arm-none-eabi/9.3.1/thumb/v7e-m+dp/hard/crtbegin.o
                0x0000000008005100                PROVIDE (__init_array_end = .)
                0x0000000008005100                . = ALIGN (0x4)

.fini_array     0x0000000008005100        0x4
                0x0000000008005100                . = ALIGN (0x4)
                [!provide]                        PROVIDE (__fini_array_start = .)
 *(SORT_BY_NAME(.fini_array.*))
 *(.fini_array*)
 .fini_array    0x0000000008005100        0x4 c:/st/stm32cubeide_1.7.0/stm32cubeide/plugins/com.st.stm32cube.ide.mcu.externaltools.gnu-tools-for-stm32.9-2020-q2-update.win32_2.0.0.202105311346/tools/bin/../lib/gcc/arm-none-eabi/9.3.1/thumb/v7e-m+dp/hard/crtbegin.o
                [!provide]                        PROVIDE (__fini_array_end = .)
                0x0000000008005104                . = ALIGN (0x4)
                0x0000000008005104                _sidata = LOADADDR (.data)

.data           0x0000000020000000        0x8 load address 0x0000000008005104
                0x0000000020000000                . = ALIGN (0x4)
                0x0000000020000000                _sdata = .
 *(.data)
 *(.data*)
 .data.SystemCoreClock
                0x0000000020000000        0x4 ./Core/Src/system_stm32f7xx.o
                0x0000000020000000                SystemCoreClock
 .data.uxCriticalNesting
                0x0000000020000004        0x4 ./Middlewares/Third_Party/FreeRTOS/Source/portable/GCC/ARM_CM7/r0p1/port.o
 *(.RamFunc)
 *(.RamFunc*)
                0x0000000020000008                . = ALIGN (0x4)
                0x0000000020000008                _edata = .

.igot.plt       0x0000000020000008        0x0 load address 0x000000000800510c
 .igot.plt      0x0000000020000008        0x0 c:/st/stm32cubeide_1.7.0/stm32cubeide/plugins/com.st.stm32cube.ide.mcu.externaltools.gnu-tools-for-stm32.9-2020-q2-update.win32_2.0.0.202105311346/tools/bin/../lib/gcc/arm-none-eabi/9.3.1/thumb/v7e-m+dp/hard/crtbegin.o
                0x0000000020000008                . = ALIGN (0x4)

.bss            0x0000000020000008     0x3fc4 load address 0x000000000800510c
                0x0000000020000008                _sbss = .
                0x0000000020000008                __bss_start__ = _sbss
 *(.bss)
 .bss           0x0000000020000008       0x1c c:/st/stm32cubeide_1.7.0/stm32cubeide/plugins/com.st.stm32cube.ide.mcu.externaltools.gnu-tools-for-stm32.9-2020-q2-update.win32_2.0.0.202105311346/tools/bin/../lib/gcc/arm-none-eabi/9.3.1/thumb/v7e-m+dp/hard/crtbegin.o
 *(.bss*)
 .bss.xIdleTaskTCBBuffer
                0x0000000020000024       0x54 ./Core/Src/freertos.o
 .bss.xIdleStack
                0x0000000020000078      0x200 ./Core/Src/freertos.o
 .bss.ledCmdQueue
                0x0000000020000278        0x4 ./Core/Src/main.o
 .bss.pxCurrentTCB
                0x000000002000027c        0x4 ./Middlewares/Third_Party/FreeRTOS/Source/tasks.o
                0x000000002000027c                pxCurrentTCB
 .bss.pxReadyTasksLists
                0x0000000020000280       0x8c ./Middlewares/Third_Party/FreeRTOS/Source/tasks.o
 .bss.xDelayedTaskList1
                0x000000002000030c       0x14 ./Middlewares/Third_Party/FreeRTOS/Source/tasks.o
 .bss.xDelayedTaskList2
                0x0000000020000320       0x14 ./Middlewares/Third_Party/FreeRTOS/Source/tasks.o
 .bss.pxDelayedTaskList
                0x0000000020000334        0x4 ./Middlewares/Third_Party/FreeRTOS/Source/tasks.o
 .bss.pxOverflowDelayedTaskList
                0x0000000020000338        0x4 ./Middlewares/Third_Party/FreeRTOS/Source/tasks.o
 .bss.xPendingReadyList
                0x000000002000033c       0x14 ./Middlewares/Third_Party/FreeRTOS/Source/tasks.o
 .bss.xTasksWaitingTermination
                0x0000000020000350       0x14 ./Middlewares/Third_Party/FreeRTOS/Source/tasks.o
 .bss.uxDeletedTasksWaitingCleanUp
                0x0000000020000364        0x4 ./Middlewares/Third_Party/FreeRTOS/Source/tasks.o
 .bss.xSuspendedTaskList
                0x0000000020000368       0x14 ./Middlewares/Third_Party/FreeRTOS/Source/tasks.o
 .bss.uxCurrentNumberOfTasks
                0x000000002000037c        0x4 ./Middlewares/Third_Party/FreeRTOS/Source/tasks.o
 .bss.xTickCount
                0x0000000020000380        0x4 ./Middlewares/Third_Party/FreeRTOS/Source/tasks.o
 .bss.uxTopReadyPriority
                0x0000000020000384        0x4 ./Middlewares/Third_Party/FreeRTOS/Source/tasks.o
 .bss.xSchedulerRunning
                0x0000000020000388        0x4 ./Middlewares/Third_Party/FreeRTOS/Source/tasks.o
 .bss.uxPendedTicks
                0x000000002000038c        0x4 ./Middlewares/Third_Party/FreeRTOS/Source/tasks.o
 .bss.xYieldPending
                0x0000000020000390        0x4 ./Middlewares/Third_Party/FreeRTOS/Source/tasks.o
 .bss.xNumOfOverflows
                0x0000000020000394        0x4 ./Middlewares/Third_Party/FreeRTOS/Source/tasks.o
 .bss.uxTaskNumber
                0x0000000020000398        0x4 ./Middlewares/Third_Party/FreeRTOS/Source/tasks.o
 .bss.xNextTaskUnblockTime
                0x000000002000039c        0x4 ./Middlewares/Third_Party/FreeRTOS/Source/tasks.o
 .bss.xIdleTaskHandle
                0x00000000200003a0        0x4 ./Middlewares/Third_Party/FreeRTOS/Source/tasks.o
 .bss.uxSchedulerSuspended
                0x00000000200003a4        0x4 ./Middlewares/Third_Party/FreeRTOS/Source/tasks.o
 .bss.ucMaxSysCallPriority
                0x00000000200003a8        0x1 ./Middlewares/Third_Party/FreeRTOS/Source/portable/GCC/ARM_CM7/r0p1/port.o
 *fill*         0x00000000200003a9        0x3 
 .bss.ulMaxPRIGROUPValue
                0x00000000200003ac        0x4 ./Middlewares/Third_Party/FreeRTOS/Source/portable/GCC/ARM_CM7/r0p1/port.o
 .bss.ucHeap    0x00000000200003b0     0x3c00 ./Middlewares/Third_Party/FreeRTOS/Source/portable/MemMang/heap_4.o
 .bss.xStart    0x0000000020003fb0        0x8 ./Middlewares/Third_Party/FreeRTOS/Source/portable/MemMang/heap_4.o
 .bss.pxEnd     0x0000000020003fb8        0x4 ./Middlewares/Third_Party/FreeRTOS/Source/portable/MemMang/heap_4.o
 .bss.xFreeBytesRemaining
                0x0000000020003fbc        0x4 ./Middlewares/Third_Party/FreeRTOS/Source/portable/MemMang/heap_4.o
 .bss.xMinimumEverFreeBytesRemaining
                0x0000000020003fc0        0x4 ./Middlewares/Third_Party/FreeRTOS/Source/portable/MemMang/heap_4.o
 .bss.xBlockAllocatedBit
                0x0000000020003fc4        0x4 ./Middlewares/Third_Party/FreeRTOS/Source/portable/MemMang/heap_4.o
 *(COMMON)
 COMMON         0x0000000020003fc8        0x4 ./Core/Src/main.o
                0x0000000020003fc8                TimOutClock
                0x0000000020003fcc                . = ALIGN (0x4)
                0x0000000020003fcc                _ebss = .
                0x0000000020003fcc                __bss_end__ = _ebss

._user_heap_stack
                0x0000000020003fcc      0x604 load address 0x000000000800510c
                0x0000000020003fd0                . = ALIGN (0x8)
 *fill*         0x0000000020003fcc        0x4 
                [!provide]                        PROVIDE (end = .)
                0x0000000020003fd0                PROVIDE (_end = .)
                0x00000000200041d0                . = (. + _Min_Heap_Size)
 *fill*         0x0000000020003fd0      0x200 
                0x00000000200045d0                . = (. + _Min_Stack_Size)
 *fill*         0x00000000200041d0      0x400 
                0x00000000200045d0                . = ALIGN (0x8)

/DISCARD/
 libc.a(*)
 libm.a(*)
 libgcc.a(*)

.ARM.attributes
                0x0000000000000000       0x2e
 *(.ARM.attributes)
 .ARM.attributes
                0x0000000000000000       0x1e c:/st/stm32cubeide_1.7.0/stm32cubeide/plugins/com.st.stm32cube.ide.mcu.externaltools.gnu-tools-for-stm32.9-2020-q2-update.win32_2.0.0.202105311346/tools/bin/../lib/gcc/arm-none-eabi/9.3.1/thumb/v7e-m+dp/hard/crti.o
 .ARM.attributes
                0x000000000000001e       0x32 c:/st/stm32cubeide_1.7.0/stm32cubeide/plugins/com.st.stm32cube.ide.mcu.externaltools.gnu-tools-for-stm32.9-2020-q2-update.win32_2.0.0.202105311346/tools/bin/../lib/gcc/arm-none-eabi/9.3.1/thumb/v7e-m+dp/hard/crtbegin.o
 .ARM.attributes
                0x0000000000000050       0x32 ./Core/Src/freertos.o
 .ARM.attributes
                0x0000000000000082       0x32 ./Core/Src/gpio.o
 .ARM.attributes
                0x00000000000000b4       0x32 ./Core/Src/i2c.o
 .ARM.attributes
                0x00000000000000e6       0x32 ./Core/Src/main.o
 .ARM.attributes
                0x0000000000000118       0x32 ./Core/Src/stm32f7xx_it.o
 .ARM.attributes
                0x000000000000014a       0x32 ./Core/Src/system_stm32f7xx.o
 .ARM.attributes
                0x000000000000017c       0x32 ./Core/Src/tim.o
 .ARM.attributes
                0x00000000000001ae       0x32 ./Core/Src/usart.o
 .ARM.attributes
                0x00000000000001e0       0x21 ./Core/Startup/startup_stm32f767zitx.o
 .ARM.attributes
                0x0000000000000201       0x32 ./Drivers/STM32F7xx_HAL_Driver/Src/stm32f7xx_ll_gpio.o
 .ARM.attributes
                0x0000000000000233       0x32 ./Drivers/STM32F7xx_HAL_Driver/Src/stm32f7xx_ll_i2c.o
 .ARM.attributes
                0x0000000000000265       0x32 ./Drivers/STM32F7xx_HAL_Driver/Src/stm32f7xx_ll_rcc.o
 .ARM.attributes
                0x0000000000000297       0x32 ./Drivers/STM32F7xx_HAL_Driver/Src/stm32f7xx_ll_tim.o
 .ARM.attributes
                0x00000000000002c9       0x32 ./Drivers/STM32F7xx_HAL_Driver/Src/stm32f7xx_ll_usart.o
 .ARM.attributes
                0x00000000000002fb       0x32 ./Drivers/STM32F7xx_HAL_Driver/Src/stm32f7xx_ll_utils.o
 .ARM.attributes
                0x000000000000032d       0x32 ./Middlewares/Third_Party/FreeRTOS/Source/list.o
 .ARM.attributes
                0x000000000000035f       0x32 ./Middlewares/Third_Party/FreeRTOS/Source/queue.o
 .ARM.attributes
                0x0000000000000391       0x32 ./Middlewares/Third_Party/FreeRTOS/Source/tasks.o
 .ARM.attributes
                0x00000000000003c3       0x32 ./Middlewares/Third_Party/FreeRTOS/Source/portable/GCC/ARM_CM7/r0p1/port.o
 .ARM.attributes
                0x00000000000003f5       0x32 ./Middlewares/Third_Party/FreeRTOS/Source/portable/MemMang/heap_4.o
 .ARM.attributes
                0x0000000000000427       0x32 c:/st/stm32cubeide_1.7.0/stm32cubeide/plugins/com.st.stm32cube.ide.mcu.externaltools.gnu-tools-for-stm32.9-2020-q2-update.win32_2.0.0.202105311346/tools/bin/../lib/gcc/arm-none-eabi/9.3.1/../../../../arm-none-eabi/lib/thumb/v7e-m+dp/hard\libc_nano.a(lib_a-init.o)
 .ARM.attributes
                0x0000000000000459       0x32 c:/st/stm32cubeide_1.7.0/stm32cubeide/plugins/com.st.stm32cube.ide.mcu.externaltools.gnu-tools-for-stm32.9-2020-q2-update.win32_2.0.0.202105311346/tools/bin/../lib/gcc/arm-none-eabi/9.3.1/../../../../arm-none-eabi/lib/thumb/v7e-m+dp/hard\libc_nano.a(lib_a-memcpy-stub.o)
 .ARM.attributes
                0x000000000000048b       0x32 c:/st/stm32cubeide_1.7.0/stm32cubeide/plugins/com.st.stm32cube.ide.mcu.externaltools.gnu-tools-for-stm32.9-2020-q2-update.win32_2.0.0.202105311346/tools/bin/../lib/gcc/arm-none-eabi/9.3.1/../../../../arm-none-eabi/lib/thumb/v7e-m+dp/hard\libc_nano.a(lib_a-memset.o)
 .ARM.attributes
                0x00000000000004bd       0x1e c:/st/stm32cubeide_1.7.0/stm32cubeide/plugins/com.st.stm32cube.ide.mcu.externaltools.gnu-tools-for-stm32.9-2020-q2-update.win32_2.0.0.202105311346/tools/bin/../lib/gcc/arm-none-eabi/9.3.1/thumb/v7e-m+dp/hard/crtn.o
OUTPUT(HW7_1.elf elf32-littlearm)
LOAD linker stubs
LOAD c:/st/stm32cubeide_1.7.0/stm32cubeide/plugins/com.st.stm32cube.ide.mcu.externaltools.gnu-tools-for-stm32.9-2020-q2-update.win32_2.0.0.202105311346/tools/bin/../lib/gcc/arm-none-eabi/9.3.1/../../../../arm-none-eabi/lib/thumb/v7e-m+dp/hard\libc.a
LOAD c:/st/stm32cubeide_1.7.0/stm32cubeide/plugins/com.st.stm32cube.ide.mcu.externaltools.gnu-tools-for-stm32.9-2020-q2-update.win32_2.0.0.202105311346/tools/bin/../lib/gcc/arm-none-eabi/9.3.1/../../../../arm-none-eabi/lib/thumb/v7e-m+dp/hard\libm.a
LOAD c:/st/stm32cubeide_1.7.0/stm32cubeide/plugins/com.st.stm32cube.ide.mcu.externaltools.gnu-tools-for-stm32.9-2020-q2-update.win32_2.0.0.202105311346/tools/bin/../lib/gcc/arm-none-eabi/9.3.1/thumb/v7e-m+dp/hard\libgcc.a

.debug_info     0x0000000000000000     0xeaca
 .debug_info    0x0000000000000000      0x545 ./Core/Src/freertos.o
 .debug_info    0x0000000000000545      0x566 ./Core/Src/gpio.o
 .debug_info    0x0000000000000aab      0x780 ./Core/Src/i2c.o
 .debug_info    0x000000000000122b     0x1a8d ./Core/Src/main.o
 .debug_info    0x0000000000002cb8      0x25d ./Core/Src/stm32f7xx_it.o
 .debug_info    0x0000000000002f15      0x74f ./Core/Src/system_stm32f7xx.o
 .debug_info    0x0000000000003664      0x938 ./Core/Src/tim.o
 .debug_info    0x0000000000003f9c      0x6e8 ./Core/Src/usart.o
 .debug_info    0x0000000000004684       0x22 ./Core/Startup/startup_stm32f767zitx.o
 .debug_info    0x00000000000046a6      0x8e8 ./Drivers/STM32F7xx_HAL_Driver/Src/stm32f7xx_ll_gpio.o
 .debug_info    0x0000000000004f8e      0x729 ./Drivers/STM32F7xx_HAL_Driver/Src/stm32f7xx_ll_i2c.o
 .debug_info    0x00000000000056b7      0xec3 ./Drivers/STM32F7xx_HAL_Driver/Src/stm32f7xx_ll_rcc.o
 .debug_info    0x000000000000657a     0x11d1 ./Drivers/STM32F7xx_HAL_Driver/Src/stm32f7xx_ll_tim.o
 .debug_info    0x000000000000774b      0x800 ./Drivers/STM32F7xx_HAL_Driver/Src/stm32f7xx_ll_usart.o
 .debug_info    0x0000000000007f4b      0xa25 ./Drivers/STM32F7xx_HAL_Driver/Src/stm32f7xx_ll_utils.o
 .debug_info    0x0000000000008970      0xb82 ./Middlewares/Third_Party/FreeRTOS/Source/list.o
 .debug_info    0x00000000000094f2     0x1fea ./Middlewares/Third_Party/FreeRTOS/Source/queue.o
 .debug_info    0x000000000000b4dc     0x24c3 ./Middlewares/Third_Party/FreeRTOS/Source/tasks.o
 .debug_info    0x000000000000d99f      0x4b4 ./Middlewares/Third_Party/FreeRTOS/Source/portable/GCC/ARM_CM7/r0p1/port.o
 .debug_info    0x000000000000de53      0xc77 ./Middlewares/Third_Party/FreeRTOS/Source/portable/MemMang/heap_4.o

.debug_abbrev   0x0000000000000000     0x26e2
 .debug_abbrev  0x0000000000000000      0x173 ./Core/Src/freertos.o
 .debug_abbrev  0x0000000000000173      0x17d ./Core/Src/gpio.o
 .debug_abbrev  0x00000000000002f0      0x17d ./Core/Src/i2c.o
 .debug_abbrev  0x000000000000046d      0x301 ./Core/Src/main.o
 .debug_abbrev  0x000000000000076e       0xc7 ./Core/Src/stm32f7xx_it.o
 .debug_abbrev  0x0000000000000835      0x149 ./Core/Src/system_stm32f7xx.o
 .debug_abbrev  0x000000000000097e      0x17d ./Core/Src/tim.o
 .debug_abbrev  0x0000000000000afb      0x17d ./Core/Src/usart.o
 .debug_abbrev  0x0000000000000c78       0x12 ./Core/Startup/startup_stm32f767zitx.o
 .debug_abbrev  0x0000000000000c8a      0x23b ./Drivers/STM32F7xx_HAL_Driver/Src/stm32f7xx_ll_gpio.o
 .debug_abbrev  0x0000000000000ec5      0x1a6 ./Drivers/STM32F7xx_HAL_Driver/Src/stm32f7xx_ll_i2c.o
 .debug_abbrev  0x000000000000106b      0x1fa ./Drivers/STM32F7xx_HAL_Driver/Src/stm32f7xx_ll_rcc.o
 .debug_abbrev  0x0000000000001265      0x22b ./Drivers/STM32F7xx_HAL_Driver/Src/stm32f7xx_ll_tim.o
 .debug_abbrev  0x0000000000001490      0x1d7 ./Drivers/STM32F7xx_HAL_Driver/Src/stm32f7xx_ll_usart.o
 .debug_abbrev  0x0000000000001667      0x26a ./Drivers/STM32F7xx_HAL_Driver/Src/stm32f7xx_ll_utils.o
 .debug_abbrev  0x00000000000018d1      0x1f7 ./Middlewares/Third_Party/FreeRTOS/Source/list.o
 .debug_abbrev  0x0000000000001ac8      0x380 ./Middlewares/Third_Party/FreeRTOS/Source/queue.o
 .debug_abbrev  0x0000000000001e48      0x380 ./Middlewares/Third_Party/FreeRTOS/Source/tasks.o
 .debug_abbrev  0x00000000000021c8      0x247 ./Middlewares/Third_Party/FreeRTOS/Source/portable/GCC/ARM_CM7/r0p1/port.o
 .debug_abbrev  0x000000000000240f      0x2d3 ./Middlewares/Third_Party/FreeRTOS/Source/portable/MemMang/heap_4.o

.debug_aranges  0x0000000000000000      0xda8
 .debug_aranges
                0x0000000000000000       0x30 ./Core/Src/freertos.o
 .debug_aranges
                0x0000000000000030       0x30 ./Core/Src/gpio.o
 .debug_aranges
                0x0000000000000060       0x58 ./Core/Src/i2c.o
 .debug_aranges
                0x00000000000000b8      0x1e0 ./Core/Src/main.o
 .debug_aranges
                0x0000000000000298       0x50 ./Core/Src/stm32f7xx_it.o
 .debug_aranges
                0x00000000000002e8       0x28 ./Core/Src/system_stm32f7xx.o
 .debug_aranges
                0x0000000000000310       0x58 ./Core/Src/tim.o
 .debug_aranges
                0x0000000000000368       0x40 ./Core/Src/usart.o
 .debug_aranges
                0x00000000000003a8       0x28 ./Core/Startup/startup_stm32f767zitx.o
 .debug_aranges
                0x00000000000003d0       0x70 ./Drivers/STM32F7xx_HAL_Driver/Src/stm32f7xx_ll_gpio.o
 .debug_aranges
                0x0000000000000440       0x88 ./Drivers/STM32F7xx_HAL_Driver/Src/stm32f7xx_ll_i2c.o
 .debug_aranges
                0x00000000000004c8      0x248 ./Drivers/STM32F7xx_HAL_Driver/Src/stm32f7xx_ll_rcc.o
 .debug_aranges
                0x0000000000000710      0x148 ./Drivers/STM32F7xx_HAL_Driver/Src/stm32f7xx_ll_tim.o
 .debug_aranges
                0x0000000000000858       0x88 ./Drivers/STM32F7xx_HAL_Driver/Src/stm32f7xx_ll_usart.o
 .debug_aranges
                0x00000000000008e0      0x108 ./Drivers/STM32F7xx_HAL_Driver/Src/stm32f7xx_ll_utils.o
 .debug_aranges
                0x00000000000009e8       0x40 ./Middlewares/Third_Party/FreeRTOS/Source/list.o
 .debug_aranges
                0x0000000000000a28      0x108 ./Middlewares/Third_Party/FreeRTOS/Source/queue.o
 .debug_aranges
                0x0000000000000b30      0x1a8 ./Middlewares/Third_Party/FreeRTOS/Source/tasks.o
 .debug_aranges
                0x0000000000000cd8       0x80 ./Middlewares/Third_Party/FreeRTOS/Source/portable/GCC/ARM_CM7/r0p1/port.o
 .debug_aranges
                0x0000000000000d58       0x50 ./Middlewares/Third_Party/FreeRTOS/Source/portable/MemMang/heap_4.o

.debug_ranges   0x0000000000000000      0xc70
 .debug_ranges  0x0000000000000000       0x20 ./Core/Src/freertos.o
 .debug_ranges  0x0000000000000020       0x20 ./Core/Src/gpio.o
 .debug_ranges  0x0000000000000040       0x48 ./Core/Src/i2c.o
 .debug_ranges  0x0000000000000088      0x1d0 ./Core/Src/main.o
 .debug_ranges  0x0000000000000258       0x40 ./Core/Src/stm32f7xx_it.o
 .debug_ranges  0x0000000000000298       0x18 ./Core/Src/system_stm32f7xx.o
 .debug_ranges  0x00000000000002b0       0x48 ./Core/Src/tim.o
 .debug_ranges  0x00000000000002f8       0x30 ./Core/Src/usart.o
 .debug_ranges  0x0000000000000328       0x20 ./Core/Startup/startup_stm32f767zitx.o
 .debug_ranges  0x0000000000000348       0x60 ./Drivers/STM32F7xx_HAL_Driver/Src/stm32f7xx_ll_gpio.o
 .debug_ranges  0x00000000000003a8       0x78 ./Drivers/STM32F7xx_HAL_Driver/Src/stm32f7xx_ll_i2c.o
 .debug_ranges  0x0000000000000420      0x238 ./Drivers/STM32F7xx_HAL_Driver/Src/stm32f7xx_ll_rcc.o
 .debug_ranges  0x0000000000000658      0x138 ./Drivers/STM32F7xx_HAL_Driver/Src/stm32f7xx_ll_tim.o
 .debug_ranges  0x0000000000000790       0x78 ./Drivers/STM32F7xx_HAL_Driver/Src/stm32f7xx_ll_usart.o
 .debug_ranges  0x0000000000000808       0xf8 ./Drivers/STM32F7xx_HAL_Driver/Src/stm32f7xx_ll_utils.o
 .debug_ranges  0x0000000000000900       0x30 ./Middlewares/Third_Party/FreeRTOS/Source/list.o
 .debug_ranges  0x0000000000000930       0xf8 ./Middlewares/Third_Party/FreeRTOS/Source/queue.o
 .debug_ranges  0x0000000000000a28      0x198 ./Middlewares/Third_Party/FreeRTOS/Source/tasks.o
 .debug_ranges  0x0000000000000bc0       0x70 ./Middlewares/Third_Party/FreeRTOS/Source/portable/GCC/ARM_CM7/r0p1/port.o
 .debug_ranges  0x0000000000000c30       0x40 ./Middlewares/Third_Party/FreeRTOS/Source/portable/MemMang/heap_4.o

.debug_macro    0x0000000000000000    0x23a50
 .debug_macro   0x0000000000000000      0x205 ./Core/Src/freertos.o
 .debug_macro   0x0000000000000205      0xafc ./Core/Src/freertos.o
 .debug_macro   0x0000000000000d01      0x174 ./Core/Src/freertos.o
 .debug_macro   0x0000000000000e75       0x22 ./Core/Src/freertos.o
 .debug_macro   0x0000000000000e97       0x8e ./Core/Src/freertos.o
 .debug_macro   0x0000000000000f25       0x51 ./Core/Src/freertos.o
 .debug_macro   0x0000000000000f76      0x103 ./Core/Src/freertos.o
 .debug_macro   0x0000000000001079       0x6a ./Core/Src/freertos.o
 .debug_macro   0x00000000000010e3      0x1df ./Core/Src/freertos.o
 .debug_macro   0x00000000000012c2       0xe4 ./Core/Src/freertos.o
 .debug_macro   0x00000000000013a6      0x15a ./Core/Src/freertos.o
 .debug_macro   0x0000000000001500       0xde ./Core/Src/freertos.o
 .debug_macro   0x00000000000015de       0x1c ./Core/Src/freertos.o
 .debug_macro   0x00000000000015fa       0x26 ./Core/Src/freertos.o
 .debug_macro   0x0000000000001620      0x4e8 ./Core/Src/freertos.o
 .debug_macro   0x0000000000001b08       0xb5 ./Core/Src/freertos.o
 .debug_macro   0x0000000000001bbd       0xaa ./Core/Src/freertos.o
 .debug_macro   0x0000000000001c67       0x2e ./Core/Src/freertos.o
 .debug_macro   0x0000000000001c95       0x3b ./Core/Src/freertos.o
 .debug_macro   0x0000000000001cd0       0x1c ./Core/Src/freertos.o
 .debug_macro   0x0000000000001cec       0x22 ./Core/Src/freertos.o
 .debug_macro   0x0000000000001d0e       0xdf ./Core/Src/freertos.o
 .debug_macro   0x0000000000001ded     0x12cd ./Core/Src/freertos.o
 .debug_macro   0x00000000000030ba      0x11f ./Core/Src/freertos.o
 .debug_macro   0x00000000000031d9       0x19 ./Core/Src/freertos.o
 .debug_macro   0x00000000000031f2    0x1a9cf ./Core/Src/freertos.o
 .debug_macro   0x000000000001dbc1       0x43 ./Core/Src/freertos.o
 .debug_macro   0x000000000001dc04      0x240 ./Core/Src/freertos.o
 .debug_macro   0x000000000001de44      0xbfc ./Core/Src/freertos.o
 .debug_macro   0x000000000001ea40      0x26f ./Core/Src/freertos.o
 .debug_macro   0x000000000001ecaf      0x279 ./Core/Src/freertos.o
 .debug_macro   0x000000000001ef28       0xf4 ./Core/Src/freertos.o
 .debug_macro   0x000000000001f01c      0x1a7 ./Core/Src/freertos.o
 .debug_macro   0x000000000001f1c3       0x61 ./Core/Src/freertos.o
 .debug_macro   0x000000000001f224      0x130 ./Core/Src/freertos.o
 .debug_macro   0x000000000001f354      0x224 ./Core/Src/freertos.o
 .debug_macro   0x000000000001f578      0x83c ./Core/Src/freertos.o
 .debug_macro   0x000000000001fdb4      0x2f7 ./Core/Src/freertos.o
 .debug_macro   0x00000000000200ab      0x149 ./Core/Src/freertos.o
 .debug_macro   0x00000000000201f4       0x22 ./Core/Src/freertos.o
 .debug_macro   0x0000000000020216       0x91 ./Core/Src/freertos.o
 .debug_macro   0x00000000000202a7       0x8d ./Core/Src/freertos.o
 .debug_macro   0x0000000000020334       0x7e ./Core/Src/freertos.o
 .debug_macro   0x00000000000203b2       0x19 ./Core/Src/freertos.o
 .debug_macro   0x00000000000203cb       0xf2 ./Core/Src/freertos.o
 .debug_macro   0x00000000000204bd      0x157 ./Core/Src/gpio.o
 .debug_macro   0x0000000000020614      0x157 ./Core/Src/i2c.o
 .debug_macro   0x000000000002076b      0x237 ./Core/Src/main.o
 .debug_macro   0x00000000000209a2       0xe4 ./Core/Src/main.o
 .debug_macro   0x0000000000020a86      0x1c4 ./Core/Src/stm32f7xx_it.o
 .debug_macro   0x0000000000020c4a       0xcc ./Core/Src/system_stm32f7xx.o
 .debug_macro   0x0000000000020d16      0x157 ./Core/Src/tim.o
 .debug_macro   0x0000000000020e6d      0x157 ./Core/Src/usart.o
 .debug_macro   0x0000000000020fc4      0x10e ./Drivers/STM32F7xx_HAL_Driver/Src/stm32f7xx_ll_gpio.o
 .debug_macro   0x00000000000210d2      0x143 ./Drivers/STM32F7xx_HAL_Driver/Src/stm32f7xx_ll_gpio.o
 .debug_macro   0x0000000000021215      0x10e ./Drivers/STM32F7xx_HAL_Driver/Src/stm32f7xx_ll_i2c.o
 .debug_macro   0x0000000000021323      0x135 ./Drivers/STM32F7xx_HAL_Driver/Src/stm32f7xx_ll_rcc.o
 .debug_macro   0x0000000000021458      0xbf6 ./Drivers/STM32F7xx_HAL_Driver/Src/stm32f7xx_ll_rcc.o
 .debug_macro   0x000000000002204e      0x175 ./Drivers/STM32F7xx_HAL_Driver/Src/stm32f7xx_ll_tim.o
 .debug_macro   0x00000000000221c3      0x836 ./Drivers/STM32F7xx_HAL_Driver/Src/stm32f7xx_ll_tim.o
 .debug_macro   0x00000000000229f9      0x13b ./Drivers/STM32F7xx_HAL_Driver/Src/stm32f7xx_ll_usart.o
 .debug_macro   0x0000000000022b34      0x2f1 ./Drivers/STM32F7xx_HAL_Driver/Src/stm32f7xx_ll_usart.o
 .debug_macro   0x0000000000022e25      0x1db ./Drivers/STM32F7xx_HAL_Driver/Src/stm32f7xx_ll_utils.o
 .debug_macro   0x0000000000023000       0x5b ./Drivers/STM32F7xx_HAL_Driver/Src/stm32f7xx_ll_utils.o
 .debug_macro   0x000000000002305b      0x187 ./Middlewares/Third_Party/FreeRTOS/Source/list.o
 .debug_macro   0x00000000000231e2      0x216 ./Middlewares/Third_Party/FreeRTOS/Source/queue.o
 .debug_macro   0x00000000000233f8       0x16 ./Middlewares/Third_Party/FreeRTOS/Source/queue.o
 .debug_macro   0x000000000002340e       0x87 ./Middlewares/Third_Party/FreeRTOS/Source/queue.o
 .debug_macro   0x0000000000023495      0x279 ./Middlewares/Third_Party/FreeRTOS/Source/tasks.o
 .debug_macro   0x000000000002370e       0x10 ./Middlewares/Third_Party/FreeRTOS/Source/tasks.o
 .debug_macro   0x000000000002371e      0x184 ./Middlewares/Third_Party/FreeRTOS/Source/portable/GCC/ARM_CM7/r0p1/port.o
 .debug_macro   0x00000000000238a2      0x1ae ./Middlewares/Third_Party/FreeRTOS/Source/portable/MemMang/heap_4.o

.debug_line     0x0000000000000000     0xc4cb
 .debug_line    0x0000000000000000      0x776 ./Core/Src/freertos.o
 .debug_line    0x0000000000000776      0x63f ./Core/Src/gpio.o
 .debug_line    0x0000000000000db5      0x6bc ./Core/Src/i2c.o
 .debug_line    0x0000000000001471     0x132c ./Core/Src/main.o
 .debug_line    0x000000000000279d      0x76a ./Core/Src/stm32f7xx_it.o
 .debug_line    0x0000000000002f07      0x4f0 ./Core/Src/system_stm32f7xx.o
 .debug_line    0x00000000000033f7      0x80c ./Core/Src/tim.o
 .debug_line    0x0000000000003c03      0x676 ./Core/Src/usart.o
 .debug_line    0x0000000000004279       0x88 ./Core/Startup/startup_stm32f767zitx.o
 .debug_line    0x0000000000004301      0x771 ./Drivers/STM32F7xx_HAL_Driver/Src/stm32f7xx_ll_gpio.o
 .debug_line    0x0000000000004a72      0x64e ./Drivers/STM32F7xx_HAL_Driver/Src/stm32f7xx_ll_i2c.o
 .debug_line    0x00000000000050c0     0x11f3 ./Drivers/STM32F7xx_HAL_Driver/Src/stm32f7xx_ll_rcc.o
 .debug_line    0x00000000000062b3      0xbbb ./Drivers/STM32F7xx_HAL_Driver/Src/stm32f7xx_ll_tim.o
 .debug_line    0x0000000000006e6e      0x725 ./Drivers/STM32F7xx_HAL_Driver/Src/stm32f7xx_ll_usart.o
 .debug_line    0x0000000000007593      0xa02 ./Drivers/STM32F7xx_HAL_Driver/Src/stm32f7xx_ll_utils.o
 .debug_line    0x0000000000007f95      0x70f ./Middlewares/Third_Party/FreeRTOS/Source/list.o
 .debug_line    0x00000000000086a4     0x14dd ./Middlewares/Third_Party/FreeRTOS/Source/queue.o
 .debug_line    0x0000000000009b81     0x18d7 ./Middlewares/Third_Party/FreeRTOS/Source/tasks.o
 .debug_line    0x000000000000b458      0x798 ./Middlewares/Third_Party/FreeRTOS/Source/portable/GCC/ARM_CM7/r0p1/port.o
 .debug_line    0x000000000000bbf0      0x8db ./Middlewares/Third_Party/FreeRTOS/Source/portable/MemMang/heap_4.o

.debug_str      0x0000000000000000    0xc8c7f
 .debug_str     0x0000000000000000    0xbcd04 ./Core/Src/freertos.o
                                      0xbcf81 (size before relaxing)
 .debug_str     0x00000000000bcd04      0x1ed ./Core/Src/gpio.o
                                      0xb6cbf (size before relaxing)
 .debug_str     0x00000000000bcef1      0x172 ./Core/Src/i2c.o
                                      0xb6dff (size before relaxing)
 .debug_str     0x00000000000bd063      0xd7b ./Core/Src/main.o
                                      0xbdcfd (size before relaxing)
 .debug_str     0x00000000000bddde       0xa2 ./Core/Src/stm32f7xx_it.o
                                      0xbab97 (size before relaxing)
 .debug_str     0x00000000000bde80       0x5b ./Core/Src/system_stm32f7xx.o
                                      0xa30f6 (size before relaxing)
 .debug_str     0x00000000000bdedb      0x144 ./Core/Src/tim.o
                                      0xb6ea7 (size before relaxing)
 .debug_str     0x00000000000be01f       0xc4 ./Core/Src/usart.o
                                      0xb6d80 (size before relaxing)
 .debug_str     0x00000000000be0e3       0x36 ./Core/Startup/startup_stm32f767zitx.o
                                         0x6d (size before relaxing)
 .debug_str     0x00000000000be119      0x6a3 ./Drivers/STM32F7xx_HAL_Driver/Src/stm32f7xx_ll_gpio.o
                                      0xa4e86 (size before relaxing)
 .debug_str     0x00000000000be7bc      0x3fb ./Drivers/STM32F7xx_HAL_Driver/Src/stm32f7xx_ll_i2c.o
                                      0xa54a5 (size before relaxing)
 .debug_str     0x00000000000bebb7      0xe67 ./Drivers/STM32F7xx_HAL_Driver/Src/stm32f7xx_ll_rcc.o
                                      0xabc44 (size before relaxing)
 .debug_str     0x00000000000bfa1e     0x1ae2 ./Drivers/STM32F7xx_HAL_Driver/Src/stm32f7xx_ll_tim.o
                                      0xa9e64 (size before relaxing)
 .debug_str     0x00000000000c1500      0x80e ./Drivers/STM32F7xx_HAL_Driver/Src/stm32f7xx_ll_usart.o
                                      0xad7cb (size before relaxing)
 .debug_str     0x00000000000c1d0e     0x175a ./Drivers/STM32F7xx_HAL_Driver/Src/stm32f7xx_ll_utils.o
                                      0xae06d (size before relaxing)
 .debug_str     0x00000000000c3468     0x3360 ./Middlewares/Third_Party/FreeRTOS/Source/list.o
                                       0xabc4 (size before relaxing)
 .debug_str     0x00000000000c67c8      0x95e ./Middlewares/Third_Party/FreeRTOS/Source/queue.o
                                       0xc3b4 (size before relaxing)
 .debug_str     0x00000000000c7126     0x1169 ./Middlewares/Third_Party/FreeRTOS/Source/tasks.o
                                       0xcde9 (size before relaxing)
 .debug_str     0x00000000000c828f      0x796 ./Middlewares/Third_Party/FreeRTOS/Source/portable/GCC/ARM_CM7/r0p1/port.o
                                       0x8686 (size before relaxing)
 .debug_str     0x00000000000c8a25      0x25a ./Middlewares/Third_Party/FreeRTOS/Source/portable/MemMang/heap_4.o
                                       0xb3b7 (size before relaxing)

.comment        0x0000000000000000       0x53
 .comment       0x0000000000000000       0x53 ./Core/Src/freertos.o
                                         0x54 (size before relaxing)
 .comment       0x0000000000000053       0x54 ./Core/Src/gpio.o
 .comment       0x0000000000000053       0x54 ./Core/Src/i2c.o
 .comment       0x0000000000000053       0x54 ./Core/Src/main.o
 .comment       0x0000000000000053       0x54 ./Core/Src/stm32f7xx_it.o
 .comment       0x0000000000000053       0x54 ./Core/Src/system_stm32f7xx.o
 .comment       0x0000000000000053       0x54 ./Core/Src/tim.o
 .comment       0x0000000000000053       0x54 ./Core/Src/usart.o
 .comment       0x0000000000000053       0x54 ./Drivers/STM32F7xx_HAL_Driver/Src/stm32f7xx_ll_gpio.o
 .comment       0x0000000000000053       0x54 ./Drivers/STM32F7xx_HAL_Driver/Src/stm32f7xx_ll_i2c.o
 .comment       0x0000000000000053       0x54 ./Drivers/STM32F7xx_HAL_Driver/Src/stm32f7xx_ll_rcc.o
 .comment       0x0000000000000053       0x54 ./Drivers/STM32F7xx_HAL_Driver/Src/stm32f7xx_ll_tim.o
 .comment       0x0000000000000053       0x54 ./Drivers/STM32F7xx_HAL_Driver/Src/stm32f7xx_ll_usart.o
 .comment       0x0000000000000053       0x54 ./Drivers/STM32F7xx_HAL_Driver/Src/stm32f7xx_ll_utils.o
 .comment       0x0000000000000053       0x54 ./Middlewares/Third_Party/FreeRTOS/Source/list.o
 .comment       0x0000000000000053       0x54 ./Middlewares/Third_Party/FreeRTOS/Source/queue.o
 .comment       0x0000000000000053       0x54 ./Middlewares/Third_Party/FreeRTOS/Source/tasks.o
 .comment       0x0000000000000053       0x54 ./Middlewares/Third_Party/FreeRTOS/Source/portable/GCC/ARM_CM7/r0p1/port.o
 .comment       0x0000000000000053       0x54 ./Middlewares/Third_Party/FreeRTOS/Source/portable/MemMang/heap_4.o

.debug_frame    0x0000000000000000     0x37a4
 .debug_frame   0x0000000000000000       0x80 ./Core/Src/freertos.o
 .debug_frame   0x0000000000000080       0x84 ./Core/Src/gpio.o
 .debug_frame   0x0000000000000104      0x14c ./Core/Src/i2c.o
 .debug_frame   0x0000000000000250      0x878 ./Core/Src/main.o
 .debug_frame   0x0000000000000ac8       0xc4 ./Core/Src/stm32f7xx_it.o
 .debug_frame   0x0000000000000b8c       0x58 ./Core/Src/system_stm32f7xx.o
 .debug_frame   0x0000000000000be4      0x14c ./Core/Src/tim.o
 .debug_frame   0x0000000000000d30       0xd4 ./Core/Src/usart.o
 .debug_frame   0x0000000000000e04      0x1c0 ./Drivers/STM32F7xx_HAL_Driver/Src/stm32f7xx_ll_gpio.o
 .debug_frame   0x0000000000000fc4      0x238 ./Drivers/STM32F7xx_HAL_Driver/Src/stm32f7xx_ll_i2c.o
 .debug_frame   0x00000000000011fc      0x9d0 ./Drivers/STM32F7xx_HAL_Driver/Src/stm32f7xx_ll_rcc.o
 .debug_frame   0x0000000000001bcc      0x5d0 ./Drivers/STM32F7xx_HAL_Driver/Src/stm32f7xx_ll_tim.o
 .debug_frame   0x000000000000219c      0x234 ./Drivers/STM32F7xx_HAL_Driver/Src/stm32f7xx_ll_usart.o
 .debug_frame   0x00000000000023d0      0x438 ./Drivers/STM32F7xx_HAL_Driver/Src/stm32f7xx_ll_utils.o
 .debug_frame   0x0000000000002808       0xd8 ./Middlewares/Third_Party/FreeRTOS/Source/list.o
 .debug_frame   0x00000000000028e0      0x46c ./Middlewares/Third_Party/FreeRTOS/Source/queue.o
 .debug_frame   0x0000000000002d4c      0x734 ./Middlewares/Third_Party/FreeRTOS/Source/tasks.o
 .debug_frame   0x0000000000003480      0x1a8 ./Middlewares/Third_Party/FreeRTOS/Source/portable/GCC/ARM_CM7/r0p1/port.o
 .debug_frame   0x0000000000003628      0x108 ./Middlewares/Third_Party/FreeRTOS/Source/portable/MemMang/heap_4.o
 .debug_frame   0x0000000000003730       0x2c c:/st/stm32cubeide_1.7.0/stm32cubeide/plugins/com.st.stm32cube.ide.mcu.externaltools.gnu-tools-for-stm32.9-2020-q2-update.win32_2.0.0.202105311346/tools/bin/../lib/gcc/arm-none-eabi/9.3.1/../../../../arm-none-eabi/lib/thumb/v7e-m+dp/hard\libc_nano.a(lib_a-init.o)
 .debug_frame   0x000000000000375c       0x28 c:/st/stm32cubeide_1.7.0/stm32cubeide/plugins/com.st.stm32cube.ide.mcu.externaltools.gnu-tools-for-stm32.9-2020-q2-update.win32_2.0.0.202105311346/tools/bin/../lib/gcc/arm-none-eabi/9.3.1/../../../../arm-none-eabi/lib/thumb/v7e-m+dp/hard\libc_nano.a(lib_a-memcpy-stub.o)
 .debug_frame   0x0000000000003784       0x20 c:/st/stm32cubeide_1.7.0/stm32cubeide/plugins/com.st.stm32cube.ide.mcu.externaltools.gnu-tools-for-stm32.9-2020-q2-update.win32_2.0.0.202105311346/tools/bin/../lib/gcc/arm-none-eabi/9.3.1/../../../../arm-none-eabi/lib/thumb/v7e-m+dp/hard\libc_nano.a(lib_a-memset.o)
