core_cm7.h:1865:22:__NVIC_SetPriorityGrouping	24	static
core_cm7.h:1884:26:__NVIC_GetPriorityGrouping	4	static
core_cm7.h:1932:22:__NVIC_DisableIRQ	16	static,ignoring_inline_asm
core_cm7.h:2024:22:__NVIC_SetPriority	16	static
core_cm7.h:2071:26:NVIC_EncodePriority	40	static
stm32f7xx_ll_rcc.h:2012:22:LL_RCC_HSI_Enable	4	static
stm32f7xx_ll_rcc.h:2032:26:LL_RCC_HSI_IsReady	4	static
stm32f7xx_ll_rcc.h:2058:22:LL_RCC_HSI_SetCalibTrimming	16	static
stm32f7xx_ll_rcc.h:2216:22:LL_RCC_SetSysClkSource	16	static
stm32f7xx_ll_rcc.h:2229:26:LL_RCC_GetSysClkSource	4	static
stm32f7xx_ll_rcc.h:2249:22:LL_RCC_SetAHBPrescaler	16	static
stm32f7xx_ll_rcc.h:2265:22:LL_RCC_SetAPB1Prescaler	16	static
stm32f7xx_ll_rcc.h:2281:22:LL_RCC_SetAPB2Prescaler	16	static
stm32f7xx_ll_rcc.h:2409:22:LL_RCC_SetUSARTClockSource	16	static
stm32f7xx_ll_rcc.h:2467:22:LL_RCC_SetI2CClockSource	16	static
stm32f7xx_ll_bus.h:311:22:LL_AHB1_GRP1_EnableClock	24	static
stm32f7xx_ll_bus.h:1073:22:LL_APB1_GRP1_EnableClock	24	static
stm32f7xx_ll_bus.h:1589:22:LL_APB2_GRP1_EnableClock	24	static
stm32f7xx_ll_system.h:891:22:LL_FLASH_SetLatency	16	static
stm32f7xx_ll_system.h:917:26:LL_FLASH_GetLatency	4	static
stm32f7xx_ll_pwr.h:274:22:LL_PWR_DisableOverDriveMode	4	static
stm32f7xx_ll_pwr.h:298:22:LL_PWR_SetRegulVoltageScaling	16	static
stm32f7xx_ll_tim.h:1254:22:LL_TIM_EnableCounter	16	static
stm32f7xx_ll_tim.h:1394:22:LL_TIM_SetCounterMode	16	static
stm32f7xx_ll_tim.h:1434:22:LL_TIM_EnableARRPreload	16	static
stm32f7xx_ll_tim.h:1547:22:LL_TIM_SetPrescaler	16	static
stm32f7xx_ll_tim.h:1558:26:LL_TIM_GetPrescaler	16	static
stm32f7xx_ll_tim.h:1574:22:LL_TIM_SetAutoReload	16	static
stm32f7xx_ll_tim.h:1587:26:LL_TIM_GetAutoReload	16	static
stm32f7xx_ll_tim.h:1775:22:LL_TIM_CC_EnableChannel	16	static
stm32f7xx_ll_tim.h:1923:22:LL_TIM_OC_SetMode	32	static
stm32f7xx_ll_tim.h:1996:22:LL_TIM_OC_SetPolarity	32	static
stm32f7xx_ll_tim.h:2200:22:LL_TIM_OC_EnablePreload	24	static
stm32f7xx_ll_tim.h:2370:22:LL_TIM_OC_SetCompareCH1	16	static
stm32f7xx_ll_tim.h:2387:22:LL_TIM_OC_SetCompareCH2	16	static
stm32f7xx_ll_tim.h:2404:22:LL_TIM_OC_SetCompareCH3	16	static
stm32f7xx_ll_tim.h:2421:22:LL_TIM_OC_SetCompareCH4	16	static
stm32f7xx_ll_tim.h:4044:22:LL_TIM_EnableIT_CC1	16	static
stm32f7xx_ll_tim.h:4077:22:LL_TIM_EnableIT_CC2	16	static
stm32f7xx_ll_tim.h:4110:22:LL_TIM_EnableIT_CC3	16	static
stm32f7xx_ll_tim.h:4143:22:LL_TIM_EnableIT_CC4	16	static
stm32f7xx_ll_tim.h:4520:22:LL_TIM_GenerateEvent_UPDATE	16	static
stm32f7xx_ll_usart.h:2634:26:LL_USART_IsActiveFlag_RXNE	16	static
stm32f7xx_ll_usart.h:3652:25:LL_USART_ReceiveData8	16	static
stm32f7xx_ll_gpio.h:882:22:LL_GPIO_SetOutputPin	16	static
stm32f7xx_ll_gpio.h:911:22:LL_GPIO_ResetOutputPin	16	static
main.c:80:5:main	16	static
main.c:155:6:SystemClock_Config	8	static
main.c:188:23:Configure_TIMPWMOutput	40	static
main.c:320:6:Forward	16	static
main.c:333:6:Backward	16	static
main.c:346:6:Rightward	16	static
main.c:359:6:Leftward	16	static
main.c:372:6:Stop	8	static
main.c:383:6:Motivation_Task	16	static
main.c:411:6:Uart_Rx_Task	16	static
main.c:430:6:Error_Handler	4	static,ignoring_inline_asm
